<testsuites id="" name="" tests="2" failures="0" skipped="0" errors="0" time="8.291022000000002">
<testsuite name="tests/usePageObjects.spec.ts" timestamp="2026-06-09T14:45:14.388Z" hostname="chromium" tests="2" failures="0" skipped="0" time="7.567" errors="0">
<testcase name="navigate to form page @smoke @regression" classname="tests/usePageObjects.spec.ts" time="3.441">
</testcase>
<testcase name="parametrized method" classname="tests/usePageObjects.spec.ts" time="4.126">
<system-out>
<![CDATA[iVBORw0KGgoAAAANSUhEUgAABQAAAALQCAIAAABAH0oBAAAQAElEQVR4nOzdB2AU1RYG4Ls12fTeO4E0Qgu99w6CIFhARSwUAbEAAgoq8lRQRFFBVFSKIggKSO+995JAeiG9J9vLO5OJa0hCCCGEhP2/t2+dvTtlA9lh/jl37ogNBgMDAAAAAAAAeNyJGQAAAAAAAIAJQAAGAAAAAAAAk4AADAAAAAAAACYBARgAAAAAAABMAgIwAAAAAAAAmAQEYAAAAAAAADAJCMAAAAAAAABgEhCAAQAAAAAAwCQgAAMAAAAAAIBJQAAGAAAAAAAAk4AADAAAAAAAACYBARgAAAAAAABMAgIwAAAAAAAAmAQEYAAAAAAAADAJCMAAAAAAAABgEhCAAQAAAAAAwCQgAAMAAAAAAIBJQAAGU5eZxzYfYbvPGuLTBAwY83Mz9G0tGN6FOdsxAAAAgAYnp0DpYGPOHj6d3qDR6LR6YtDrmd5goEahQCAUMqFQIBYJJWKRSIgjzPpFYCj5ewIwTZR+Zyw3tA4y9Gxl8HdnQOJS2f7zgrNRgs8mCJCBAQAAoMGpgwCsUGpUWj0zGMRioUQkIIyLvtxbegOjPGww6LV6gVanp7fMJEKZmYRB/YAADCbt+61Mo9WPH4RvQXk/7RAIBcIJQxkAAABAw/JQA7BCpVGodDKpSCIWCv+t7vKHkpR7KQjzTSUhiya5DKzT61UavcxMhBhcH6ALNJi03WcNH72E9FuJHi0M7/1kmDAUnXYAAAAAOBqtTq7UikVCOyspV/I1cJLTMk+ePH/54uUipVqlkAcENerVo2tYcCOxQUD/oyAsFjGuL7SIKTUGpUppZSGRUBM8OgjAYNLi0wTo+Vwp+mPBRdEAAAAAPKVaq1RpKb6KhELGFXiZVq/f8s++/Tv3y4uLVBq1WmcQCwyZt9MuHD/vHeAzedJ4dxd7vms0oQmpVJhXrNcWqa1kEpkZUtgjI2QAAAAAAABwFwqVVqPRW1tIjMUBvUH/z86D/2z8s1ChLJbLLaUSfXGeSqPRCfQKhfzq5auTX5917MwFg0H/31q4erAhr1iVX6wuVqgZPCIIwAAAAAAAAJWj9KvTGSzMuct3+YouJdnL129t/20jK0gPtFCG2grsDIXN/d387c2thQamyNIp8zPSkz76cFF0/G1D6QXC3BjRWq2WJrKKNSk5ipxCJYNHAcV3AAAAAACASijVWq1Ob2kuNY4cbGD6YqVm6SeLe3gJnh47UyIUCGXWaksHkV5rMLdgyiJdUuTfu48t3XxQnp89Z857q1etMDOTMlY6OBY963S607HZLfwczSUiPldDXUIFGAAAAACgduQUNPiy3mPwI9QWir5Klc6izNDNJWNfCRNiE7QFaWOH95bq8gWaPINGLlXmiIqyBfHntTEXmVbdq31zK5nUoFNlp6empKQYl5WIJQJhCZFwx4WU7EKVTqdnULcQgAEAAAAAAMorkqtl5mJD6T2NuATLT5w7d97V0kwotjTIsw0FSUyexooy9Ko8nUKt1zE9kxg0KntzplEUyQuLT5y5UOaOIzqBQC+k9el0QqH273MJuUUqBnXrseoCXQf3vAYAAAAAgPtFyfFqVGJcYnpqRq5CqXZ2tAn0cw8P9rGQmbF6SaHSiERCoeC/m2JQ+qXaLT1fv37D1cKgk5gJrIOolqsXc5HKoFIJXVzMJGJdXqq5nHnbinIKZCl5BRcvXnx21HDjSvgUnZpbHJ9VaG1hllmosjTHoNB1Cn/W5R0/eeH5V2YZX9LvqLWVpbu7s7ubc7OwJs8/N8zO1tr47suT3zt4+HT3rm1/+OajStf2zItvnzl3xdHB7sSB34TCSurtm7fsfWfOIvp2nT78h62NNQMAAAAAeLxk5RTuOnghM6fA2JKZXUAPisQjB3awtbFg9Y9CpbOSlXZ+5ku4AibkLwTW6fWDu7XP1xrUqVHWMppLqBdJVHlZCUkpl2JuW1hZt2nT9t3Xxk3+6MtUoSghIY6WKs3RlH319MJQrNakZRdkF0iORme7WJsjANcl/FlXwniNOz+dX1BIj8io2AOHTq1ctWHyhOcmjB/Nv9uxXQtqPH3mslarE1e4pXVBQdG5C1dpDVnZuRcvR7ZqEVpxWydOXaQZQoICqpl+N/6129XZsUunCFaHHslGAQAAAGoRHXFl5xZlZOerVBoXJ1t6SCocvNUTxQrV0VPXE1Iy5dW+WY6FTOrr6dy5Xahl/SuoyhWqzTtO0g9FVd+u7UJdne3oT/52em5UTMrlGwm/bzn67LAu1lYyVp8UK9RirvorKP8GpQShvrCg2CWgQ9Sh7YkpKVK1vH1EY5mNfVxMXHpWro9MapAXnN6+uXmX7i8MG/DWN2vEojt+zej3UKAzCPWUhPVajUat0uXJtWKxytaynlbCHz+1E4DjkzK27z+v1mjZ/ZNKxAN7Rfh5ObN65uLJv6ytuNNRefmF6elZp85e/unXP5OS0xYt+dHfx7Nfn870Vqf2rei5WK64ev1Wi2bB5dZw5Pg5nU5PhV+9Xr/v4Mm7BOAL3Ho6VCtbFhXL58xfMmJY37rMoo9kowAAAAC1iOLWjgPnC4sUxhaRUNipbXCrpgGs/jl04trN2Nv3tQhF5RvRKTq9YWDPVqw+obrSP/vOUfr193Ed0rs1hUq+3dPNgR7uLva7Dl08fOr6oF716zhTrdWbSyo7PyJgAr2gZetWZmJxXrHgwLUMf2lxr5auVk1HFl1aqilW51u5HzpxvWWQj6goJyQo2N7CYmK3lgadjoklzKBnBp3BoNMzgVRosBQJVJSGDTqF1lCs1CAA15naCcC0N6lZ+iW0YGGhnNVjdrbW9Ahq4j9yeL8nn55yKybh3XlL+vTqSMm2SWM/Rwe77Jw8yrEVA/DBI6fpuXvXtvsPnjxw6OQ7b7xUbobEpNTbaZmMC8DV2lWdPH2JSs2sbj2SjTZo9MeVlpbp5eVWxTx0TuTPv3a5u7l07ojTCgAAAA/X2csxR0/foKJLx9ZBdjaWEok4v6D4+s3kwyevxyakD+/fTiSqX+PCJqZk8RP0wfp0bR7cyLOKma/dTNp/7Ao/mLBxwfojJS07JS2H/tgH9mhlTL9GIY29rkQm3opLTU7N9nJ3ZPUDnUegZ/FdOggYBMJmPu5imUWn9m0DzdViKwvLwFDm2Lh9v5HF6ZkZN68FdGrs26W/QScoYoLhLRtf+2N5y8HDLVx9uIVLSsoCg1ag00gEBoFIJBEKdFqKxlQPNlT886lF2dl5ew+cGD1yADN5tROAmwb7ujjZamoUk2hn5OxoyxoCC5n5rLdfGT9xbn5BYXxCSoC/t0Ag6Ni+5dbtB46fujjxlWfKzkzncw4dOUMT458fcfjomahb8Sm30z09XMvOc+LURXo2M5O2bhl2z63TCnfvPcaqJzevIDk5TSQWeXm42thYVTGnSqVOTc+kr4S9nY2rq5OlhazGGzU169ZvPXL0zPtzpri73dF/4buV65avXLd+zVdNQxvfbVmdXj9/wVfdurRFAAYAAHioKH1R+nWws3qiX1tb6/+uNQ0P8d1/9Aqlx2NnIru2D2X1iVLF9XwObex1/VbyzgMXEpMze3VuVjGla3W6fUev3LiVTNNhQd7XopL4BeuVtIxceg70d5dIKs+TjfzcbqfnUMW7/gRgjUYnFt7tnAiVgA3NWrUU3Y43a9xG5uTDtIUie3eD2Ezo3MjGzMbOM8Dg7Ms0SvXtGLGZvYeD3sbcU2htV7o0FYEFer2AaQw6pUYllEj1VBNm2uuJOY62MnPpXaPZlWu3vlz2y/gXRlD0MDYWFha/MeN/X372rrW15ZWrN1987d3De9aUO5g3SkpJm/PBl1UH4FNnLq//c8cXn8xkj7XaCcB0LsPV2Y6ZgLCQQH7iZnQ8BWDG9YLmAvD5i9fVGo1U8t9dwq5eu0WVYWsrizYR4S2bh545d2XfwZPPP/tE2bWdOM0FYJpBKr3HLbDXb9zx/U9/xCem8NMbNu3i2+lEUdTFHWXnpK18s2LdpSuR/EuK6N27tJn19quBASWnncqgeZb/sJ5OBVE10tjo7+fVv0+XV8c9RbG5+hs1TdEx8YePnZErFOXaqeav0Wh8fTxZTSkUytFjpk189dkB/boxAAAAqCkqz1CApOg1rF87G+s7goFIyBVX8wqKz1+NDfR383B1YPVM324tKBPuP3aVYnBqRt7Qvq3tbf+rauTkFW3dczY3v0giFtEP0iTAgwIwq3/Ss/Lp2dXpruUua0vuHi4KZT2K7lq9XiQS8MM1l78MuGSoIImlTC9l+uIcdX62uZOLRp0vSjinkislUjNVYYZUSCVdcV5xvrJAEeTfxMOzibm5BS2nLxlnSMBKV0ll5tIhpg3sWnx6x1DvKj5STm7ewSOnKYDs/HulMeJS+qBGtVpD097e7q+NH03lOvYAqCh2/OQF9rjDIFj3p6CgmJ+Q/fvrxfdeVipVFy/daNu6mXHOA4dP0XPHDq3odB0lIgrA+w9VCMAlFeBOZU7k3M3JM5esbSwplBYUFDnY23p6llaS6StUdrZly9cuWfYLTXh7uYWGBGZl5V68fOPA4dM3omL/XPeVm6uTcU46wUNniegLIxGLqVDp5+uZkZkdG5cUF5/8x6YdUyeNqf5GoZwLl24cOnx66OBe1la+Wq1u8ZIfDh89k5Ka5ubmzJ8imf3OxNatw1lJ94e1v29ZtfpPtUrdqkXo/PfesLO1jo5NeP/DpTFxiYuWrFy+8re2bZrNmTmJ3b/YxPQAH9dyjUqVhorP9XB4DAAAgIchMSWzsFjRISKoXPo16tExfM2mQ1ciE+thACahTbzdXOy37jlDQXfNpsP9urWgoEvt17luz1epAsxVtvu2rZ+jKPNUau4ySTrmudsMfB2oxldTPgx6vUFcUq+uZBCsklxM/y8uKBCkRGbGJbj5usVHnZTLhTsvXujQKLxRoL+ro2WGRpeWWeTk6Wsb2FTUrNMfO/dt27YzKfm2hYPr6OdGtW7SWGgwSJiuZCgsrse1QqXl+11XIaixn0KpWvzlT/NmT674Lh1DvvrSKAbVUGsBODu30Mbagh9Mj062ZWTllx1LuQr0fXBxahhdoMnxU6UnRYIa+/MTHu4ufj6eVCY9efrSnQG45ALgzm3ouUfXdouW/Hjq9OViucJ4ziY6NjErm+sTUp1OsEs+5e7MNOmND3btPdanV8eF86dXnGf/wZOUfilvz5kxgZI2/40tKpZPmDKfSs0vTZyz/tcl/LBe5H+LV1D6fW704LkzJ5atP1++GpWdk8/ntOpsFCrKycmnEKssOZH52effr12/ZdzzIwP8vL5duS42OYnSbJMmpb88FJVPnb3csX2r69ej9+w/Tn8j33714e3bGeKSu8l5erj5eHv4+Hiw+3cr9va+o5ca+bn36drC2Jiembdt72mxSPTCqF4MAADABBQWKem5ikNNR3troVBQdnCs+oYi7pgnux08cZVS+vb95xNSMime8d2em4X4Bryv1gAAEABJREFUdmsfVt8uYH4M6PVMKKi83sM3C0Viqn5RBUzkZG/m4t+oQKvRKEP8W5sHh2bnpV8/u9/WxV2jLFBr9Iu/Xx+T97urm2defoGZ0NJMaPvrrwc2ukZ2bh1oYW5uY23lYCGWCFnLJn73yr9cLF/4wfTnX541eED3iAqXT96Iinl9+oJ921fxL+mQngpjdKip0Wp7dW//+f/u6NVMpePpMz6hAljFIYrKOnvh2sqf/jh34ZqLs0PXzm3emjZOUnKM+tuGfzIzc6g89sMvG4uK5FTqe+apQcaPlJaetejLH6nOZ2lp0adnh7envcTfPHnlqg2Uj65eu2llZUEVxMULZ7BHpHYCcFTM7R0Hzgf4ug7tw+U9mo5NSK/+4n27NqfzW6zey8zK2biZ6wZMJdOy1dROHVpSAD5+6uLUSWP5luycvCvXbtJEty5tWckJG8rJt1Mzjh47xw8fTU6WlH/pVyckqBaGH6Tfqg/+9y1NPP/csBeeG2Zst7K0WLpo9oDhr0bdjPtn58GnRw5kJaM0XY+MoYlnRw0u1/u6WdMgBrXn0LHTXl5ub78xnpX0XVny9c+enm6ODna0M2Ilvye///pl07Am9NfXs/+YM+eu0ATtXwoLi86dvzJieL9hQ/qwGvH2dLK3tYqJT9Xr9P16cJ0Ubqdlb99/jv7qgxs1gO8aAABAreDrMTJz6d1moDxD7/IjSNVbFHF7dW7m5+2y88AFvp8z1Zz692jZyNeNwUOg53o+VzWDiIoV5o4ag/DW+asfz//2x7++1wksivIzY66d+mTJyucHRJjb2FtZmKdlZZlZ2l49uXvauz+2b93uwIED7819PzlDbhfe673JTwg0FGkFUrFQz/Q6+hW8VwJWqdUd2rYYPWLArPe/+OfP5eWO4VUqDX/dIrl2I/r5l2dOePnp99/lehHSAWfZOelocOpbH9P23nj9+So2R2Hhtdfff/ed1yipJiTdXvDp8rff/YxiBb2VX1D04y9/tolouvCDN3283JatWPfq6+8f3/+bmZmUqn3jJ82NaBG6Yc2XWh23IY1m5ZwZr23fdfiHnzeu/uHTRgE+6RlZsXHJ7NGpnTNGZlIx1RuN/Srvt4OlrH53yKS6XFx88qa/9wwY9urV67fozMdnH79Tdgb+ZkgXL93gTgWVOHz0LO1wg4MCXF1Kr+bv0a0dPe8/dNK41PGSC4A7tm8pENRCj+JLV6KSU9JoYvKrz5Z7y9HRrkM7rgx45epNvkUsFvn7etHE3gMnGDxMtIsxXhku4Tv/lOkZ4e/nRemXlfSmadE8TK5Q8p0CHpy5mXRov3Z2NpZxSek79p1Nvp31z76z9GGaBvt2ahvCAAAATIOjgzU9Z+UU3G0GlVpTLFfZ21qyeo/iLpWCnR1tqKA9dkR3pN9Hyy4kyNzBqXWniB++/0qfLxHqLKwtPBo36bH0q88ah4Rk5ufdTMigX62mPXtGxiX36thDIjIbMnDowUPHzp476aSI/fjL7y2tZL8fuXo2JkOhMvx98so9t8ifppn51ityueLr5WuqmPOPTTupoEIB2MvTjR7Nw0tvVUMHnHq9/q13P1WqVN988R5fzr2btb9v5W6CM6yvtbUlFf++/OzdbTsOJiWn8e8WFcv/9+GbHdu1oPVPnTgmL78wPpG7cdf+gyfT07Pmzpro6eHq6+0xfcoLm7fsKfnwOnNzM0olFEPorUd7d9XaqQDTGanxT/eysiy9LJbOUYUEeumr1wXa0sK8fu50hoycIBQIFUplRmaOsZEKufNmT6aKbtk527drTr9PVNM7d+Eaf0lw6Q2QSvo/83p0bUe/RlT3p187vhvAqdOXWPUuAK6Oo8fP0XOjAG97O5uK7wY19qdfWb4ozaNCdPSKdUuW/RIbn0yZmRZk8BB069xm/cbt336/NsDPe/2GHXa21s2b/Zc/Xcv0I7C05PrG3/PkX/XR+ewn+rf/e+fJhJRMelBL6+aBrZs3ZgAAACbDteRWIzdjbzcN8ql0hqgY7qidv7C2/rO1sXhueFfWcNCBTVEx1728in7aIiF/1Z7yYd8HqPqE3PBXrOoSldTSSu/iK9PLDVY6ffr12weuFugNLi1DZdZOWiZJS8+/lZbbydGtl4/TtlMXhO6hhshzYjOZRCCSmpvN+2zlL1sOr/rnuIONvUYnEImZg6VFNX92ayuLBfPemDB13sB+XV2cKx83+9KVyCcG9qzkM0slH3+2gjIqVWvvOQTv5atR/Xp3Nr50c3Wiwh41epfc6TPA39vZqfSyecpHlKWLi7n72nLFQon4jRn/498qKpLn5hWkpWfRqg4dPdNr4LghA3uMfWZo0L/XAz4StXYNsDH98jzc6uNAAvfFeIaDvrHubi4+3u5dOka8OGZ4xV8XWxvrpmGNqb564vQlCsB0eubwsbOsZDRg4zx0gsTMTJqdk0el2pbNQyJvxtKZEnbnHYDzCwpX/Li+3MpDghrRLwq7l/SMLP4zd+r1bMV3FQquNB11K844lt3011+g6W+//+3vbfvo0b5t8+efHdanZwehEJeR1KZZ70w4ffbKN8vXODna9+7VaeTw/pSBje+WHTb8YTBm4LyC4q7tmzaICw0AAABqkZmZJKyJ97WbSWcuRrdpEVju3aycwkMnr7k62VIth0Ft0+p0W3afzckrcrCzcrv7/WLcnKl8Y5mdW/j37tND+7SpD5c00+EwVfKEVQ77KmAGh6Zt8/JvWxmY2DPAzdHdw9LeIJXqslMvJ6ZeS80QqDX2UqkqP2ftT7/kh/XoYq6zsrZyc3Eyc7SXipQBfk0uRKXmF6cO6hkq0rlby8yqn/17dG07eED3We99sWrFwkpnUCpUkspGHVMqVZRFvb3dF3+16oM5r7MqKVXqsketjMtEIio+89POTvaVLqVSqSknPzNykLHllRefovVQDvr8fzNj45JW/7Zl5HPTRg7vV+lQXnUDo0Df1daN31FRjs5n0MmVu90I26hT+1ZcAOaGyBp34fKNgoIiOj3Tsvl/95Sjv/WO7VseOHRq/6GTFID58Z/9fDzL3hm4sLB4xY9/lFszpd/qBODcPC5OU3lZrlBWOgN/N2BjAKbnt6aOG9C366rVm7b+c+Dk6Uv08PJ0mzJxzMhhfRnUku07D6anZx7Z9zvt2qvf110q5S5VonNm7IFRBh4+oEOhXOFkb8MAAABMT/eOTZNSs46djUxJy+7YJtilpCZcrFBdvh5PqZhyjoXMjEs7gnpRe3yc7Dp4MTEl08ZaNmJghyqOpSUS0chBHdZvPZaQnLnr0MWBPVuxR42KsRVH8y1/SySBUCwRWrfpf+bXBS2bhgjlcm1eeo5CuX730XPXY/TK/E6B3jq1MjG9IOZWrGVaVkbrDnqDp1yVxdKVZvb2hQVFZhIdMzf/dceVG7HpbYNc7qv6/d6sSX2Hjl+3flul74Y3bXI9KqZiO33+rz+fk5B4+4lRk1u3DKs6YjRu5FN2JVS6u52a0SjAh1WpRbOQDZt3RbQKq/SGTFQ3ptz77OjB/Z945eUXR5bNQXWpdgIw/YZkZufXbPjyejsKtLeXu3HM5HuiQu7yH36/cu1msVxx9BjXG7lzx9blvuo9u7WnAHz46FlKnlQVLFnqjv7PNtZWFS9Gb9LIj1WDtTXXjbx1q6Zrf1rEqi00uNGij9+Z+ebL9P1Zu35bckrazLmLr9+Ifm/WRAH+Gaie1Wv/srMr/QX28/UoN2xValoGnZL44qufHB3sKYu2bdO8eXjIPU9tNg70pec//9rl4eEqFom6lulLXwN08pseDAAAwCRJxKLRQzpRGItPzqQH/ZtoKTOjsiQr6cBoY2URl5Sxbe/Zwb1a15P+t4+NxBSuf2JBoWLluj3VXCTpdharB8QioUarp98cPgYbq0esJPUYj5Gp8qQyCAOcbbdu2Xb0Wlx0Urq5WGou0tlJBR7OImdLoV5TvPD7X9UajSNVhrUGKysbqcxSKzRTq2lZsbWN48SXI2wsLfU6jaNAL76f0jfVVKmE++asTyt9l5Lta6/P69IxonfPjkKB8FZ0fPC/Y+4KhUJ/P6+FH0x/9/0vQoIbBd490L4ybtTTL7zZq3uH7l3a5hcUzp63JKJlWKsWoaxKXTpFODrYffDxspfHPdW4kW9RsfxGZEybiPDrkTH0mT3cXeiPNC4+WSqR2Nk9stpM7QTgq5EJ+47d+9Ltu+nVKTw8xJc1ZHQShWq8VPS/fDXq9LnL1NK9S/nQwveIvnYjmurD5y5cY1wAvuP6byrSTpkwhtWIa8k1ALFxNbkBupOj/dRJYye88vSCT5ev/X3rL2v/Gj60T3gYLhatlg2bdhinu3RsXS4ANw0NkojFW7btFYlE3G3Kv1vdvWu7b76cX/U6fX08R40Y+Mef26dM/6Bjh1YPGIABAABMnKWF+ZMD21+JTMzIzi+WK/U6vaebg4uTXVjJxUFb9pyJTUjfuufMkD5t6kkGNjeTKlXqlLQcz2pfVJhYEh1pQVZvtG/VhArvWq2umvNT6ahdy3px/EnRV6EqLeyVqwlxrww6PgXnFipOnLkS4N6yb3h6n4iA2CsHk3J0kUmKYo3W0UIgFrIdV+KuJt728Q5QqRX5eXm5ebk2AoHQTKzWa2kloeEe7vaO5mKm1Mq8ZWrpvTqcljOgb9et2w/s2nus4ltdO7X+9OO3F3+56q13P9NotPTyx+8WlJ1h8IDuZ85fnfzGh5vXL6u0VEtaNg9Zumj2ex8uLS5W0EFs504R3yx5j90LpV+qxs18b/HQpyZROFIqVKNG9KcAfPNWPK1KKpXo9HpzM7PPP5lpvDVs3audAGxtJaNf2er/fpdFFWBanDVw9NdJ1ddjJ85fuhzJD7ZcMbR4uDkHNfHnbke061BObj6dgOnQtjm7H/SVoWdNZZX2tm2aseUsIzPnVkwCnW5h94/OxHw4d8rFSzcooh89ftYYgKvYqIl7f/YUelRsf+P1F+hBE4eOnJ40bd5nC2f279OVqr607/j4s2//3LwrNS3T3c352vkdZZdaMG86Pfhp2tXOmzPlnTdfoXMlLs4N/nJ6AACA+iA8uPJi19C+bagCTBn48o34FmGPcmweIx9Pp5uxtzdsO87uEy3I6o2WTf3pYXz5zS87NBrd+Kd78Uf+BUWKn37fR0Fg0gv9WT0jEtKxmICimqjC4DhUAdYJmEBvuBCVvGHz4czMDJ2vy1I7vSI/x9zasyAlXm3QSEUaitDH47N/OpliEEoVCrmljY1WoyzIyZKIhQalTimwUGp0TQI9FAYWncdsxFp/c1b1yZdundsc3r26XOO3X84zTrdoFhxzdbfx5dCBPehBiYN+EH6IXJoh+sou4wyVXgOclpbJj3HF69+nCz2ys/OsbSzLjlwzYfxoepRdMPLiduM0rWHdqsVU96YFKQ/zwycNG9JrCPd58sRisb3dI74ur9ZGgX79xQHMtHVq34oCMJ2GkZOv0LMAABAASURBVCuUocGNKs0tPbu1pwC86W+uH0h4WBP+utzqo2S7c8+RkyXDR5fTvk0zVxfH9IzshZ+tuNsF8dXBj+dmY2NdnY1C1c6c47pFNA1tzPd5Lhk5QEm7Ib6/+j3RCbm7nZMDAACA2kJhZ3Dv1heuxjX2ry9jQXfrEEYHDIkpmQqlupqLWMikvl4uXerxzQ5dHG2ppn3o5DX66ShGHjrBdYd0vfvgWI+WmVio0+nFpQFYYDDomIBp9YJ8rSFPyf7YfiTxQmRxfnomUzYKGbJlx5reARZWMqGznSxfnh2Tm//bMXFMdppBKLZzc3f/cKXyrx+U2Wl5ORm0JitHiVyjlLp62Dk6HMnQhtjo3aQCK7P7K/9Wk4N9da8zpaN9pVK9avWmsc88Ue4tR8ea/B1RYKZ6T9kWOh42Dhz9aGEQrFrDXdC7hBsxnKa7dWlb6Tw9urb9buVv5y9eZxUuAK6OZk25e8beTs04evxc5453dJ+mevKH7019bcq8w8fOvvr6+ws/mO7k+N/gbHQCZufeo2EhgXTuh5UMN/3dyt9HDOtbrlZ86OgZyvCMC+rtqrNRqFrf3p3Wrd8y9qW3WzYPFQhY5K2427fT58yYaGVZ3WvLAQAAoA5QBo4ID2D1hqXMbECP2rlTZv3RpnlgStrp6Pg0ehgb27dqwuolmbkkp0ApFYu4WjDX7ZmpdCxFYchXGtb//ldOXGpxQWZBbpokNFDt4PLmcTOfv49Zm+kK5OrUAnWenLt02MLS3jE4wnzGd7d0Zp4aplUplYV5eXoWGtQoLi3fOTBgXbyin4u4UCVsZG+wNH/Ew7Vs3LyLAvCLY5589aWn2OMOAbjWUNXXztaav7lR2RsgldWyeYhxns4d7jtMRrQK83Bzvp2W+cKr71KUDfD3jk9IWfH1B/zZnd49OsyY/vLipT/tO3iyQ49nfH08/Hw8CguL0zKyKb7q9fqli2bzAVij0a5ctYEedGLGz8fTy8tNpVRFxyZej+SGenvp+RFlT9hUvVGoQrOmwft3rrl46fqFSzcMBn3bNi169ehIhXoGAAAAYGL8vF0G9mx15mI0NwKZgDnaW7dv2cSzHt85VWYmUqq19MwMAq1BkKIQxBZqD+45nBuboJEXG1Tq4vxcj7C2Qp3BbeaSyDGthQIl12taL5LJZDqBtPW7iyUdBkTYWziINTtkgkK1Rq4vGDqs76inRr761meFUjs/C3GiXDjIzSAzf/SJ7IdvFzCT8VgFYAebR9lflGqw7du22LnniI2NVctmIXebh4rDf2/bJ5OZt2xx331UbG2sN6xdOmHa/CtXb168HEkPqURS9tL818aPatUi5PtVGw4dOR0Xn0wPvt3ZyaFfn84Uv/mX1laWNOfW7QcpGKemZbLTXCOtKqix3ztvjO9RpvxbnY1CFeh8R/eu7ejBAAAAAExbkwAPerAGQmYmyS9S6bm7H7EMtTCxUH8qLiPr+um87GydWqlWKeWa4kQLP5sijYejXf7SnfnznxcUpNs1CrV57s3i4PY6G4tGFuJUlbooI0+s12u08gEDBw8bNuyjBYuTs9KtxZaeQkGhVu8iZRZmKEnWqUpucgX1H9V1b0bHm5ubBfh5ySq7TLRYrki5nZ6bW2BrY+XkZO/oYFdpZM3Jzc/Kzs3LK3B1dfLycKv69jz33GhD1Po1dvTrmgzeZgo6TxGdXcEAAACg+nIKlI+2JPPg8CMYabW6IoVGJJFGFrAbedoNu/cvHtRs/oeL87OzlfKCLL02duj8sZ2CtqTn2zG9oahAnngrzy3IzsHG11xkbW5mMAiPRqa+2dZ3z/sTA2wFH37w3rKl3x0/c0Vu5yt783Mm167uYOZrL5WIHsoFwHA3ON/QIFlbW0a0DKtiBksLWZNAP3YvDva21e/JfM+NAgAAAAA8NsRikczMkKfUpCjFlws1GRePaHr4vf3Ga9Onz9Qq5LKg5lKmz9WoxUKRm5XE3NLpkFLhbmOWWViYp5IW5anaO9oJnW1z9axAo578+pvnz58/dGifXmReUJgp1Gk+C5e4WEmQfuvefdxwGQAAAAAAqtDQa6fssfgRapGZVGwhFTmKlJcK1YqEa+/Pne1oI5s1a3p+Yb5Li7aujlaxCl24jeRUtipNqXKxdjKTSovNxVqhSKjXp2vUUplUodQKrOzUSsXiTz9VKYrlBTn6lJjprspwR4lNPbj61wQhAAMAAAAAAFTO2lzc1F76doBEUVQYd/PmW29OC2rkN/mtaXkuvk5Othk6g6tUwvR6F2srW5lQLVdYCMVanUYvFDpIhDLGtAKxQ2ib+fPnF+TnaTValVKx/Lul/fztXa3NGDwKCMAAAAAAAAB3ZW8h6exqvnXdaomZ5MrlqzPeme7r7Vkkc3Sxkhr0AnOhUKdlWXpdcp48OzNHIhFqmVhk0NsKhRSMlQK9VYe+MfGJWq3Oytp6x/7DXTq3d0GZ/dFBAAaT5udmiEtlUBH9sdAfDgMAAAAAxizNxI193DZu3TXvo/9du3r9g3nzkvJUZuZmSr1KoVXrRHoHsUgsZPb29pZiiZAJzMVCJTOIRUK5VnNNLXLwazrv4882/rMr0N/b0gLp91HCKNBg0lZsZVqtfvwgfAvK+2mHQCgQThjKAAAAABqWhzqQdbFCJVdovvvhh60+/dx8PS7mK5tZia7lKawlYguNXGOQyKzMLhRoNDptc3tZsVbUzlrkIda80cjK0lxkKUO350cPARhMWmYee2e5oW2IoUcLg787A1ZS+z1wUXD6hmDRBIGzHQMAAABoWOrgTk6FcmWByqBn7HS+9mK+PlujO5hS4CQ22FtZqYR6tVZgJdKP8ZZ1sJMKBQJbc5GVuYRB/YAADKaOMvCfh9nec4b4NAGDkm7hvSMEI7oypF8AAABoiOrsVsZ6vUGt1Wl1eprQG7iX1CgUCoQCJhIKRCKhVCyilwzqEwRgAAAAAAAAMAm49xQAAAAAAACYBARgAAAAAAAAMAkIwAAAAAAAAGASEIABAAAAAADAJCAAAwAAAAAAgElAAAYAAAAAAACTgAAMAAAAAAAAJgEBGAAAAAAAAEwCAjAAAAAAAACYBARgAAAAAAAAMAkIwAAAAAAAAGASEIABAAAAAADAJCAAAwAAAAAAgElAAAYAAAAAAACTgAAMAAAAAAAAJgEBGAAAAAAAAEwCAjAAAAAAAACYBLFcoTQYDMzAY0zw72TJC3oWMFYyXUJQZhqg4cvJV9CzQCAo/0bFFgAAAAAAqGe4I3nDf9OG0mN7g6AUTXKH9gL+/wKBuOQ4v2Q+bpHSeHtnHhCU/h/gsSMo/cXnX5T5NTdUlooBAAAAAKA+EZQ9oi9Jw3zCLT2YvzP90n/FxrjMjLMYBMY0XDEJAzxO+O+J8eUdv/AIwAAAAAAA9VzpQTvXc1nwb+m2Yu23dGYDE5e+U9Lbmf1bLzag/AUmovT33/gLX/akjwHfAgAAAACA+uzfA/bS3PtfozH9lraUBGGDQMxKq8YGviM0Y3d0CTU+ldmAAJcBw+NEIBDemYHvOPuDDAwAAAAAUD+VO1b/t7ZVehGvsfZrTL80LS4NtIbSt+4s/paJwQw9oOExJCj9StyRgRGAAQAAAADqvzJ9N0tellZ2/z2GF9zRHZqfFt950WPpYFh3Bt+KmxFU+T5Ag8GfDGL/ZuA7ek2UmYcBAAAAAEA9cmev5DKB97+p0ufS2i9fEBYbD/pL7njE95VmZWNw6azo9gyPI/53n//NNw6YXuatOyYAAAAAAKB+qOo+psboy6XbMumXXpd2ga5Q4zLwfaYNZUIwLv2FxxN/uzBWetMwg/G7gwQMAAAAANAQ3HkNY8l/ykbf0lYu9oqN4z7fNQkzYxm5tFCMzs/wOCk9O/TfMHEGXAkMAAAAANAQ3Blg+fBqqDC0rfEgv6QLdNm+0uye4bZMDAZo8LjOz6U3ACud5k8I8d3+BWVHVQcAAAAAgHqj5DJGAasQTAXlO3Ia+GoX/1IsYHcUfv+tBrOqj/lREIPHQ8lpIKFAYCwCC+4oAjMUgQEAAAAAGhRjH+iSo/rSi3sZf2dg/j7AxkGwyvb5rGxNDODxUq6fc0kRuOzQ0HcMBs0AAAAAAKA++q8QzB+2G+64jpf9e4DP3QeYsTJF4MouAy5ZkAE8lgwCJhAYLwPgf/+5FMyfLqr8xkgAAAAAAFCfCMol4NKD9zLRl+/pKeaby8Xg0pnvEoYBHiMCQ0n+NZScNBIIBaWVYH5QLIaxoAEAAAAAGoAyObbsZcAlT/zhfckBv7jMoFYGY63LUDosEI744TFnKO0bwf+286XgO3tBM+Pl8fg6AAAAAADUe/8VsAT/do3+L96Ky7xX8s4dSfjOFfwLQ0DD46PCDcMAAAAAAKBBqKxkayg3XW4ecbnbGpV7m8/DFTbDAB4PfJ1XYLwO+N/LgP+9LBg9oAEAAAAA6q1KSrN368hcRQX43gsDPC7K/4aX3BRJICgzaFzZZwAAAAAAaEDKV4Crfhu9ncFUCSo9nwQAAAAAAPVZ1YUrrgt0FSkXVS94vJX2dub/WzoCNF8BLl/7xXcBAAAAAKBBo0N6MTPeHBjFXjB5VWRc3BUMAAAAAKCBMh7Jiys2VQrxGB5Ld8Za5FsAAAAAgAapmsUqMase1L7gsSQo0+f5v17QlXWBZvgWAAAAAAA0cEIGYNrQuwEAAAAAwEQgAANUUtdFKgYAAAAAePwgAAMg7gIAAAAAmITqXgMMAAAAAAAA0KAhAAMAAAAAAIBJQAAGAAAAAAAAk4AADAAAAAAAACYBARgAAAAAAABMAgIwAAAAAAAAmAQEYAAAAAAAADAJCMAAAAAAAABgEhCAAQAAAAAAwCQgAAPUHYPBoNcbdDq9Tm9gAAAAAACmSigUiEVCeiasDiEAA9QRSr9arV5mLrYwN6dvOwMAAAAAMFUarU6h1MpVGolYVJcZGAEYoI5Q7ZfSr42lGQMAAAAAMG2UeyVWIiZgKrVOJKq7AIwyFEAd0en0FuYSBgAAAAAAJWRmYq1Oz+oQKsAAdUSnN6DnMwAAAACAEdWB9XU7OA4CMAAAAAAAAJgEBGAAAAAAAAAwCQjAAAAAAAAAYBIQgAEAAAAAAMAkIAADAAAAAACASUAABgAAAAAAAJOAAAwAAAAAAAAmAQEYAAAAAAAATAICMAAAAAAAAJgEBGAAAAAAAAAwCUJWe3Lzi/MKihkAAAAAAABA/VNrFeCcvKIN247TxFODOzrYWTEAAAAAAACA+qR2KsB8+lWrtfSgCXrJAAAAAAAAAOqTWgjAfPpVqjRD+rahB03QS/SFBgAAAAAAgHrlQQMwBd3S9Nu7tZ+XMz1oQqlS/7G1oWbgWe9/sXnL3ortP/6ycdGXP7GH7K13P9224yADAAAAAACA2vZAAZgiLgVdirsUegN8XflGmhjYM0KhVNFbBYWKaq5qxLNTx7w0o4oZBo2Y0Khp33KP+IQU4wyf4UmcAAAQAElEQVSHj53lG5s07z9k5MQ587+Mjk1k92/nniPXIqMrtp85d/Xw0TPsIdu+8/CNqFgGAAAAAAAAta3mg2Dx6VeuUA3qFWFMv7zG/u6Ugf/Zd+6PbcdGDe5kYy1jD+zjeW8UF8vz8gunvv3xc08P6derEzW6ujiWm+39dyc1buQbE5dEVdyRz01b8dUH7do0YwAAAAAAAGDyalgBLpYr/9h6jNJvn67NKe5WnIEa+3RpXlSsXL/1WLFCxe5HQUHRW+9+2rn3c137jqVCrlLJLd6iWXCnDq34NOvv60XT9JDJzMstGxrcqGP7lmOfGbr2p8+8PNw+/ORbvv3ajejnXnqnVccRtM73P/qKgjQ1qjWad+ct6TngxfA2Q4eNnnw9MoafWSFXvjz5vWZtn+g7dPw/Ow8ZVy4Wiz9b8kOHHk936TNm9W9b+EaDwbBk2S8Dhr3auvPIV19/PyHpdhVbpKJ0t37P34iKGT12ekjLQdSo1+sXL13Vrtvotl1HfbNinYWFOQMAAAAAAICHoIYB+EZ0ilyh7t4hLKyJ993mCQvy7tY+jKJyZHQKux8vTZxz6szlSa8+O2P6+L0HTkx5+2N2/ygb9+zeLupmXGEhdymym6tTr+7t1/z0GVWSN2zetfnvPdT4+4btW7cf+HTBW3+sWTJ8aB9fHw9+2T827WzTKvzrL+ba2lhPn/k/hULJt1++GkU/zqcL3g4OCpj/8bKz569SI8XXlas29O7ZYdHCGRRox4x7J7+g8G5b1Gg0ySlpL746Ozw86KP3p9rZWv/51+7vVv7WuWOrj96bevzUBT4nA9Qi+hJt/Gs3P63V6pKS01itunr91prftqz9fWtcfDIDAAAAAKjHatgFmg6j6dnH05me07PyN2w7zrfwJGLRU0M6ujja+npxM2g02mqvmFE+vHDpxtwZE54dNYhe5uYVUNSkmrCNzX3fW9jH24PKs0kpaVQWdnSwGzf2yazsXKFA0CTQb+/BE+Oef5LiKJWXT5y6+NzTQ154bphxwU4dWr42fhRNFBcrpry14GZ0fPPwYHppbW05f/ZkgUBAK6Sa7c69R1u3arrln/1dOka8NXUczeDp4UKl4NNnr/Tp2bHSLfLrf/KJPjPffJmf3rH7CK120cfvCIXC0JDA7v2fZwDVsPq3LQcPn/5o3jQPN+eq51zx4/obUbEjh/Wl6a+Xr1m2fO1f678JD2vMasOmv/e8M2cR/faKxaKP3p/m7+fFAAAAAADqq5pfA2xUUCin9OtgZyUzl9JLhVKdk1eUXyCnAMzu381b8fQc3rQJ/9Lby42eo27FtYkIZ/fp9u10qVQS2MiHpn/fuP2Lr35WazSUXW+nZvCH6S+OeZIi7qo1m7/74ffnRg+e+dYrEjH3B+Lr48mvgUIsPavVGv6ls5MDpV+acHK0p0dWVm6xXEFrGz1iAD+DjxfXGzzyZiwF4Eq3yGseHmScTs/MDgsJpPzA/7DWVhYMoBpu3oo7eOS0XF7dceZ4vbq3p/M+fr6erJb88MtGOjn1z5/LXV2c9AY9AwAAAACox2rhPsBUZaXnDhFBTw3uSI/2rZqUe+u+uLo60XN6Rjb/Mi09i56dnR3YfaJo+semnc2aBkklkrz8wjnzv+zSKeL8sT/XrVpMR+r8PCKRcOqkscf2rZs2+flVqzdv3LyLb5dIKj8vkJh0W6VS00RObj6Vdn283S0tZFaWFhmZd3xaFyfHu23x3+2KjNMO9rYxsUn8dHZ2XmGRnAHcp3MXrvV/4pWb0fGz3v+iVccRw0ZP/nnNZv53tcKc1/cfPJWWnlmdpbbvOvzCq+/SWy++9u6hCkOgZ+fkzZ6/5FZ0glKpemnCnLff/ZQ/f7Rrz9GXJ82lpZ558e3fNvxjnH/6zE8WLfmRNjfyuWkhrQbFJ6TwHyAyKvaNGf9r0X5Yv6Evr/vjHzqb9v6Crzv0eHrU2OkbNu1kAAAAAAC1pxYqwLUruElAUBP/r79b4+HuotPrl//we/PwYF9vj2oufvlqVEFhcXxC8q/rtlC19n8fTKfGkqotN4RVbm7B7v3HbkTFRLQMoxYqoDna2/n7e7Vu1ZRqsHx1twp0aL7g0+9GDu/3y9q/6WX7ti3oedjQ3pScu3RqTeXfRUt/ojzcs3u7u22xom6d2xw/eeHLZb/27tlh9bq/GcD9UyiUt2ISKIVaWHCXvu87ePKjT74rLlZMfu3ZcnNSaqU5lUr1PZc6evzctHcW0lmeZ0cP3n/o5MRpH/z+y+d0Rsm4qoKCIq1GJxaLZObm1M5fQn/k2LnX31pAXyYqNUdGxc39YCl9rZ4eOZCVXN1AWXfLP/vlCmXjRr729jbUwn2AiXOsrCx69eiw78CJ9z/6ir5NFJK7doo4eOQMJWR7e9vePTowAAAAAIDaUO8CMFVlv/3y/RlzFlOZiA6d27YO/2zB2/eMpkYLF31vITMPDQmkg+ZXxj3lVlJPtrWxnjB+9MqfN9Cxdfu2zadMGHP81AVqv3Q5ctmKdXq9ng7i+/XuPHhA96pXPnRgj9T0rBHPTqPj9benjevYjgvAM6aPl8sVr7/5EcVjCurffTXf2YmrV1e6xYrGPjOUQvuyFWvp8eKYYfzFxgA1oNPp/l7/jUxmHhuX1GfI+KMnzlcMwNVf6sNPvqWv0vZNK8zMpC89/yQ/8vmij98xLujv5/XZx28fOHzK1cWJJvjGD/73jUQi3vX3D95ebmq1ZsDwVz/4+JsRw/ryxWFKtgP6dv3ik5lSqcS4HolEsm3jcmr5feP2OfO/jI1LPLJnjb2dzdbtB6gyfPrsFQRgAAAAAKgt9SUA/7nuK+O0n4/nH6uXFMsVVJMtd6MjJ0f7mKu7K11D106t7/YWeWf6+CkTx6jUagrD9PKN17mxpqZNfn7iK8/k5Rc62NtSBubnvHhis3Gpdm2aGde5/Kv5/AR9MHMzMwrq/EtLCxmlgoUfTKcYzK+8ii2GBDUq9yEpXXy1eM7/PnyTQr6FDPdAgpqjsyf89yXA35t+pTOzcmq8lFKpio1LbtUi9NTZy/xs9NW7diO66lVRaTc+IYWW4i/dp0xLJ5WWLV97KzohNLgRP8+7b79SNv2SHl3b8i1hwYH03Cw8mNIvTbRsHsK4knUuAwAAAACoJTUMwHxJNi0zT65Q5eQV0XR2biE/CFbZlwVFCuPM94uCJatV5uZm9CjXSEfeLvd5gXGlH4wKXGXTbxVbrP46Ae6LMWQSS0uZQV+tK/ArXSo2PtlgMJy7cG3ca7ON71b8DS+Hasi0VNkV8l0wbt6K5xvp6+bp4VpuKVcXR36Cj8FNGvvxLy1KvhT3P4wAAAAAAMBd1TAAu7vY0/PuQxeNLSfP3yw7Q9mXHq73PYQVANwvixqdRql0KVdnLpT27tFhYclV9Dx+rPIq8JXbwqJiY0teXgE929qWJueyw78ZSSR3FITFlc0DAAAAAFArahiAfTydxo3uWVh071uwWFvJbK1xax+AhsTR0Y6Kt6fOXLK2tpTeGVCr4O7mbGVpceHiDbVGwy918gzXgzowwIcBAAAAANQDNb8GmGItki3A42rss08sWvLjc+PeGfP0EDs7m+s3ou3tbfnxnO+GSsSvjR/9+Verpr29cFD/bqfPXj56/NyAvl35S4IBAAAAAB65ejcKNADUBxPGjxYwwW8btr0561N6aWdrPW/25Hsu9cpLT6nU6lW/btq975hUKhk+tPf7syYxAAAAAID6QWDAIDNgwpLScgUlo7TxN4Lmprgnbtg27j8CfqJ0FLeaDedmpFBqPF2sWUOTk5tPewl7O5t7XgNsRPNnZuU6OtgZB0sHAAAAAKhUSkahzLy619w9OFSAAaAqDva27D7RmYL7HVwdAAAAAKAOIAADAAAAAACASUAABgAAAAAAAJOAAAwAAAAAAAAmAQEYAAAAAAAATAICMAAAAAAAAJgEBGAAAAAAAAAwCQjAAAAAAAAAYBIQgAEAAAAAAMAkIAADAAAAAACASUAABgAAAAAAAJOAAAwAAAAAAAAmQZxToGQAAAAAAAAAjzuxg405AzBVxXIFAwAAAAAA04Au0AAAAAAAAGASEIABAAAAAADAJCAAAwAAAAAAgElAAAYAAAAAAACTgAAMAAAAAAAAJgEBGAAAAAAAAEwCAjAAAAAAAACYBARggLqTU6BkAAAAAADwiCAAA9QdBxtzBgAAAAAA/0pRalgdQgAGAAAAAAAAk4AADAAAAAAAACYBARgAAAAAAABMAgIwAAAAAAAAmAQEYAAAAAAAADAJCMAAAAAAAABgEhCAAQAAAAAAwCQgAAMAAAAAAIBJQAAGAAAAAAAAkyBkD5/BYNBqdXqDgdU5jUYnV6gYAAAAAAAAmLyaVIB/33I0LSPP+LJz25DWzRqVa+zUOrhNi0B++uT5m6cu3AoP9unVuRm9VKk13/26q9w6LS3MXnm2z6r1+12cbAf1iuAbKTIv/XFbu5aNO0QE6XT6r1dtp0aBgNlYWbg623XrEGYpM6v4efhN5xUU7zhwIT2TazeTSuhD0gdgAAAAAAAAYKpq2AWaYmqXtqH8tJ2NBT/h7GjTtV0YP237byO5fiuZ3oqKuU2RVSwSSSTiJwe0p/bk1KzTF6N7dQq3tbEUiapViw5t4h0U4JGdV0iJ+u+dp58d3uVum9518KJGo31qcEexWJSRle/qZMsAAAAAAADAhNUwAJubSb09HCs0Sio2JqZkFRYphvRuTXXaW3FpIYGeQoHAx9OJ3lKq1PTs5mrv7GDDqsfW2sLXy5ketM4LV+PUGq1UIq5009m5hU0CPDzdHGga6RcAAAAAAABqcxCsYrnqRnQKP+3r6Wwhk9LEtZuJVC6mh7+36/WbiRSA2QMrKlZSrra2kvHpt9JNB/q5XY1KpPJv62aNrCzNGQAAAAAAAJi2GgbgxJTML3/Yxk+PHtrJ3cWeJvIL5MfPRPKN9raWlEJVak10fFrnNiHUEhzo+c++c/mFcqrispo6fyXm8o14irt2NpZUVTa2V9x0ry7NKPdeuBZH8zcL8e3aLkwoFDAAAAAAAAAwVTW/Brhru9JrgB3trfkJDzf7EQM7lJ0tKua2Tqe/dD3++q0kmqCW6zeTOkQE3W21AoFAr/9vsGi9Qc83Glt8PJ0b+bkdPX2Dryob2ytuWiQUdmwd3Lp54Pkrsacu3BSJRF3ahjCAxwV9oYoVGrlKo9M9gvHVAUyBSCSwMJNYyiTVHKWimvDlBagDD+n7Cw1UZh5buY0dusSyC5jJcrRhXZuzVwczZztm4mp+DbCXu+M9Z7salejkYB0c6MW/jI5PvX4ruX2rIMFdarE2VrLktGy9wSAsmSMnt4iVCdjEycEmuJGnRCzauucsTQT4ula5fSaViNu3apJ4Oys1I5cBPC7oADorXyERCa0szMT4px3g4dDq9Gq1lr5rTray2jqGxpcXoG48jO8vNFCUfp//H8vMYyaONjX4AAAAEABJREFUwv/mI+zoFfbru6aegWvzGmCFUhOfnMlP29taajS6jKz83l2aNQ0qvf+QnY3ltr1nk25n8YNgVRQc6ElhddfBiyGNvfR6/YlzURYys4pJu5Gvm7+P675jlz3du5tJJRU3TQn59MVoX08nKytZdm5hZlZ+81A/BvC4oPIRHUDzl9kDwENCAVUsk8qVmiKFxtbKjNUGfHkB6sbD+P5CA/X9NqTf/9AfxTd/sfkvMlNWmwE4K6fgr52n+OlOrYPlSpVIKGzs726cwd/HhfLqtZtJdwvAoU28FSrNmYu3omJSxCKRq7PtwMGtZOaVHCj06Nj01w0HD5+83odq+RU2HR7ik5CccfFaHCspAgc18qyi3zVAgyNXaah8xADg4ZNKREVyVW0dQOPLC1CXavf7Cw3UoUsMyjp+jZk4gcFQH69BUqrUFJUFggcatkqt0Wq0OksZ9npwV0lpuYKS3zOhUCjgp7gn7heP+4+Anyj9PXzAX0iFUuPpYs1qQ0pGoaNdzQeTA4D7kp0nx5cXoIGqxe8vNFCtX2NQztkVrF6hfxxl5hJWV2qzAlyLzM1qoXsY1X6N90kCAAAAAAAAE4d8CAAAAAAAACYBARgAAAAAAABMAgIwAAAAAAAAmAQEYAAAAACAezt/Ne7KjYTc/KJqzm9vaxUe4tuqqT8DgHoDARgAAAAA4B4o/SYmZ/Tp0szezqqai+TmFZ2+GM0MhlbhAQwA6gchAwAAAACAKl25Ed+2RePqp19CM7dtEXglMpEBQL2BCjAAAAAAwD3k5hffV/rl0SLV7zINAHUAARgAAAAAAABMArpAAwAAACfyVnKxXMUAABib9f4Xm7fsZUB5ScCc7ZhYxODxgAowgKm4ciNBp9e1CHu443BERSfHJKTRhEAgsLe1cnaydXdxsJBJGQDUlE6v33XgfNkWiUTcp2sLVhtozU6ONhHNAmn6yOlrA3u2sbQwYwBQt9RqTUirQTQhFAq9PF3Dw5q8N2uis5MDe3R27jliZWUxfGhvZsKsZOz9F1jHMGYupV0xu3CLffQrS8lia+eyIG82/Rt25HLpnF9PZR3C2ILV7K+j3MvTy7nYTFQallfELfjjdhaXyrV8N521CeYm3ljGjl4pXdzFjv3zCR07sSIF6/4G1/LyIDZhKNt2gs3/uXTl5USnsKc/ZFADCMAApiI3v1Ct0bKHLDe/WC5XNW/qr9Pps3MKL1yJOVJ87Yn+7SgMMwCoGQNLTMlsFd7Imo7FSohEtVaJaNzIE4kXoJ4YOazv4AE9bsXEL1u+bvzEuVs2fMvgkXrvedazJRdfrycwD0fm7cLSc+9j8b3nmMHAQnxZ/7asXQjr9w7TG/57t3uL/wJwz1Zc+r2b05Est4jR+wPacS8PXGAKNcu4n08CZSEAA0Ats7Awa+zvYXx54NjlbbtPDxvQwXjsDgA14Oft4uJkx2pbgI8rA4D6wcvLrUunCHrcTs1YtXpzUbHcytIiv6Bw/oJlJ05fsrSUDRnQ443Xn6c5N27etW3nwd7dOyxbsU6v1w/q3+35Z5+Y9d7nt2ISO7Zv+eaUFwL8vWm2B1mWKBWqSW98QIt7uLvMe3dS29bNqljnzr1HX3h22LwFX1P71o3fGX+oam7u6vVbi5f+dOlKlK+Px6vjRg3s15XVA62DuOeP17D4NFYDS/9kqdnMy5n9tYDZW3P9qI35OTKRdW3OBGu4hEx6R3D1Ybe7lPxX7y6d4APwot9ZRh6DGkMABjBFuflFZy7cTM/Op1ORnh5O4cG+zo621H79ZpJcoTQ3k16+Ea9Wa328nEMbe7u52PNLFRUrT1+ISknLkYjFdCzerlVQFWcrjbp3DP9jy9FbcSmtwrk+lnqD4fSFW8kpmYVyhZuTXYumAe6upft77q3zNxOSM9QajburY6c2ITJz9J0GqMr6v4/QV+z0xaj0zHxba4tWzQJdneyOnLyalpXnaG8d3MirSSNPfs6ElMxL12Jz84rMpBIfT5eW4QH89+vg8Ss0Z3iIHwOA+iE1LfP4yQuUOSn90stXJr9PSfirxbOLixVT3/7Y2tpi/AsjC4vkR46dU6k0ixe+c+jo2Z9+/fOvbfteGz/6uWeGvv/hUmcn+3mzJz/gsmTD5p1zZ04cOqjnl8t+nTD1g0O7V1tbWdxtncdOnL8VnfDMqEHBTfzL/jjV2Vx6Rva412a3b9t83apFR4+ff2PGQk8Pl+bhwexRS0xn4QFs7li2cA2LTWX3q5EHl2n7tOamkzPvqB6fjWJj+rBwf3Y5ljnZsuaN2E872EsDWLGSwcOGQbAATJFUIg7wdXtqcKenhnYWCYUUhvl2tVp9+Xp8Ukpmt/ZNRwzsKBQKdh44p9Pp6S2NRrdj/zmJRDysf/uBPSNS0rJPnI2szrYEAoGHm0Pav+cqDx67nJ6Z27tbi6ef6Orr7UrrzKAcXuLwyasZ2XndO4WPHNxZIhbt2HfWYGAAwNPrDcaH4d/vRkGRfO+RixHhjceO7BnS2HvfkYs79p/18XIZNbRLgI/b/mOXs3ML+DnNJOKI8MBnn+w+oGdEWmZuVEwy316sUKrUGgYA9cCPv/zZocfTnXs/R9/Kb7+cRy0pt9PPXbg2ZEB3Rwd7H2+PiFZhBw6dNs4/++1XO3eMeH3CszTdoV2LCeNHDx3Yo0O7loePnX3AZXndOrcZ+8zQ/n26vD7hOSr8njpzqYp1qtWaD+a+Tuvp3qVtxR+t6s0dPXEuJzf/6ZEDpRJpz27tLS0tyn6MR2jxelYoZy0C2e/z2OwxzNri/hb/8nW28m02qjvLKWQzV9zx1pmSY6juLbnnXiX9n49cZtWpK8CDQwUYwBRZWpgH/ttLOTzEd8PWY2qNllIxvaSJrh3DLWXcNYGtwwMjbyXnFxY72FlTYbZYruzYJoQCM73VpnljOrbu2KZaZ2cd7W3iErnOQ8Vy1c3Y20P7trWzsaSXoU28M7Pzr0Ym9OzUrFihom2NGNzR2YGrRdOGfly3Oze/kDbNAICxv3aeNE438nM3DoLVNMjHo6TbXNNg31MXohwdbMKCfPiXF67GZOUU0heQXhq7ctjaWDb297gVd/thD4kHAPerU/tW/Xp3+mzJj01DG4eHNaaWm9EJ9Pzzmr/Wrd/Gz+Pu7mKc38vLjXFXHnFXGIUFB/KN9vY2SqXqAZflubo48hOhwY3oOTMrhx+A4G7rrKJmW/XmbpV81Fnvfc63W1nIiorkrB64Fs+e+YhNGsZdxPtkFxbsw17+jKmrPaDKpiNMpWZN/bky8qKJ7LkFXJzmJWVwj+4t2Fd/sl4R7HY2u5nEoG4gAAOYIiogxSWmZ2TmFcm54g9Vk9Tq0gBsZ2PFp19iZSWjIrCmZOgsSqoikWDf4Yv8W2qtlpYsKlZaWZrfc3NqjcbKyoJfiVgkcv33QJy4ONlSzZkmsnIKhALBhcsxxrcoaWfnIAADlBrWr53zv9cAC8qUCezKfEfMzKServ9dQ2ZpKdP8O/QdfdNj4lJz84vkClVBoUKlQdUXoN4JDvIfOqinubnZxGkfDBnYo3ePDv5+3FUM0yY//+yoQRXnF4v/O5IXicr363yQZXl8hC6ZiKdnX28PDw+XqtZ59/H57vFRfb3o+ZeVnxgvP64/0nLY+z+x9fvZN2+wUF/WPJAr3qpK9qCeTv/Nxo/1qbjzRnKrdnDXAJOtC7kxtCKasIMX/3v38GX2XG/uMmOqMK/DDafqEAIwgMnR6fVbd582GFjzMP/GVjJ6mXw7y/iuhYX0bktZyMxDGvsYW5qHBJibS1g1ZGTluzlxoVen00kkIr6GzKPQS1maJrRanUAoCA70Nh7Z07bs7TB2NEApoUhY6UGq5M5GsaSSf9kLCuWbd5zw9nRu7OdhZWVOX/krkQkMAOqlvr069eze/r0Pl7aNCPfz8WwS6Ldq9SYqxrZoFpyYlEr/krZu1bQ663mQZXmXr0b99OufVI5e8eMf1taWYaGBtjbWD7jOSnXq0JKOMRYuWjF10lhXF6frkTGN/L19vN3ZI0XlgCBvdjGam6ZScHQKl1T5UfPj01izAG4Uqw0HudsjeTmzgJIPeyW2kvU42TIHriMOK3cvjiMlAXjOGO6GSQcuMKgz4pwCXGoNYFoys/LTMnKfGd7V1prrhxwdd7s6S7k42UXeSnZztZfc553gU9Nz4hLTBvXirgiys7VSKNXFcqWlRWndOCunkL9DkquTnU6nF4lEnu6P8raHAI+l6PhUsVjUvWO4sOQE05Ub8QwA6rH5syf3Hfryx4tWfPrRW2t+/Gz6rE9ef/MjtVojk5nTW9UPnA+yLJkwfvT6jTs+jl3h4ea8dNFsSr8Pvs5KeXm6Ufl37odLn3xmqsFgcHZyWLXiY/aoWcnYD+9wFeCbycxaxqVfpZqdKxk1hQrCA9uxtsFs1yJuPOcwP+5GwUevcD2Zy/rsNe6y3sZejE5U5hSWLmtE0bpIwd1aKSufGwpLUmu3t4N7EDvY3Lv7IsDjqliuYKbHwpw7e1lQoKAAnJVbcDUqsTpLeXs4yWTSo6evtwjzp8iq1mizcwrcXSsJq3qDXqXSaLS6wiJ5QnLm1aiEHp2ae3lw1xE52lt7ezodOn6le6fmMnMplaGu3UwY2JMbHtHK0tzH0/nMJfrHobGnu6PeYEhNy/FwcxBgRAiAEkqlplhe2ruOvhYWsvu4eS993ehbSWuQmUtSUrPjEtMlEnQBA6hHpFJJzNXdxpeeHq7Xzm7lpx0d7X5d+YlGq83PL7S3s+V7gowbO5we/AwSsbjssgvnTzdOP8iyF09sZiW9nQsKimxsrKq/znKqublWLUK3b1pBB2Z0AGFrY1Uf/vVXqLiM2tSfG8lZq+NuBbzgVy6ykqgk9sYy9sZIbpzn9qFc7t11hhsxq5wQX+4uRylZXEj+4g8uP5dF6zxxjRsj+uBFhlE/6xL+/QMwOTY2Fi3CAnbsPyuViunfrW4dmh05dfWeS9EB9JA+bQ+euLJx2zGxSEj5NqSxd6UBOPl29qr1e2nVjg42Lo62lG89ytzYrlfnFodPXl375wHaNFeS6hDu5VF6DU2/7q0Onbiy+/AFg95A/7I6OdgOH9gB8ReAt33/f2OimplJxo3uXe1FuUGz4hLSVm/cL5WIbKwte3dpeejkFQYADQdFRydHe1YjD7Is4w4brGp9nXdjWTJKVj1BWfflRUwqZnZWXP2W8mpZJ6+zpz/k3qXab0GFEbvaTrjraicu+W/63ZXcg6fWstav/ffWD/9wj3LKzgA1JjDghAOYsKS0XEHJOUahUCjgp7gnLnNx/xHwE6UR7AFPRiqUGk+X2hnPKSWj0NHuPkfip6PnfWcpkbZr2YR/qdPplSq1hcz8fn8snV6vUKgpD99tzIxqrkSl0lrIKr/euKhYaSaVSNAZCOqH7Dz5o/3y1haVWmsw6M3NcHttMCG1+P39ZcOBPl2a3+/gFLl5RXuOXCrusFQAABAASURBVH7hqe4MHhGExorOrmD1Cv3jKKvesDK1AvcBBjAJF6/FpqRl+3j8N14hxVdLC/MahHqRUGhlaf4g6Zdfyd3SLyvpDo30C1DrzKRipF+AGgsP8T196RYF2uovQjOfvhTdNNiHAUC9gS7QACYhLSO3V5cWlfZYBgAAgHtq1TSAGRiVc3Pzq5uB7W2twoN9WoXjntsA9QgCMIBJ6N8jggEAAMADoCiLNAvQ0CEAAwAAAAAAgElAAAYAAAAAAACTgAAMAAAAAAAAJgEBGAAAAAAAAEwCAjAAAAAAAACYBARgAAAAAAAAMAlCBgANjUgk0Or0DAAePvqu0TeO1RJ8eQHqUu1+f6GBcrBhUBb+QBCAARoemZlErdYyAHj41BodfeNYLcGXF6Au1e73Fxqozk0ZlNXJ5P9AEIABGh4rmUSj1cuVGpSSAB4e+n7Rt0yj0dE3jtUSfHkB6sbD+P5CAzXxCWZtwYBHfxSTnmAmTmAwGFit0htYdAoLcGdiEQOo55LScgWETgUJhQJ+inviuktx/xHwE6W9p4wTNaNQajxdrFkt0en0RQqNQqXR6Wr5KwwAPJFIQLUjOnoWiWrzZDG+vAB14CF9f6GBysxjy7ewo1dYdgEzWY42rGNTLv0627H6JiWjUGZed+eqajkAy1Vs0hJ2NY452bIvX2fBPgygPmu4ARgAAAAA4DFQxwG4Ns+KGdPv0z25lxO+YNcTGAAAAAAAAEB9UGsBuGz6fXs0++EdZi5lry5msakMAAAAAAAA4JGrnQBsTL9EqeaevZzZxy9z02t2MwAAAAAAAIBHTsweWLGSTf6SS7+vDOZertzGJGI2fiD76FfuZc9W1VrJi5+U5mfelCfZC/0YAAAAAAAAQG150ABMtV8+/b40gL02hGvR69mP29mOU6xIwV4fzjqHV3dVIb5s2ojSaSogAxgpVWpzMykDAAAAAAB4AA8UgI09n1/szyYNK218siv7bV9p+qX26rO1ZK2D7mgplLNFv7NzN5lQyNqHsrdGcdcVx6WyaV+zxZPYZ7+xa/Fs52fs0CW2+wzr1pwL3jo969uajerB1Z9jb7O2IWzCUObnxjRa9ulv7GwUN/o5vZw7lgV5M2gQKP3++Pu+iPBG7Vs1MTaevnjr0rX450d2N8MN7gEAAAAAoHpqHoC1utL0O6YPl3V56bncwFcUjO83/VZq6tcsI5e9NJC7ZfPn61lWPlsymWl07HY2m7KU9WvDhnbiYnOxgp28ztQaNv9FduIaW7uXbT/F9aAe2Y19so6759U7T7NNR9jO0+zrqcxSxs7fZN4uDBoKqv36ejqfpL82xvgMTNP0cHKwxs39AAAAAACg+moegE/d4NLvU93ZGyNLWyigvvY5S8mqYfqlENv6tdLpVTOZoy27EsveHMVGdOVa8oq4ki/VhHmD2rOpI+5Y/I2nWKgvC/XjAnCboNIPsPccF4kJVYBVGnYmij3VrfQuTdCADOwV8deOUxR6KfHqdHqacHawGTmog1gsYgAAAAAAANVT8wCcms09UxmWR+n35UUsOZO7jndsX1YDIb7/ZWl/d3bhFjdBmZbn6cQ9R6dwJVwS5l9+cQ9H7tnCjHsO8ilttLMqHZX6mV5cXfq3feznHWxEN+5DIjo1IEKB4Il+bTftOHnsTCS9dHWyHTGog1RSC0O4AQAAAACA6ah5hMjM454dbbjn3MIHTb+s5BrgiP+u8WTOdv9thWTkcs9OtkxREmgrdn0tG2grvkstrw5mY/uw9QfYss1cwH6yC4MGhGq/w/q12/DPcbFIOLx/e4kEJzAAAAAAAOD+PGgAnvU9N6xUTgHTG7iezzVOvxU19mKBntxNldwcuKGtft7Jmvpzo0PfSmE1cOwqs7dmvq6sRSCVE5mAQcNDoffZYThvAQAAAAAANVTzAOzmyJVVM/K4yi0Fyye7/tcdulbQyhdNYPN/ZuM+ZQIBa9WYzXuRm6iZq3Hsx3+4lE6F4p6tWN9a/agAAAAAAABQ/wkMBgOr3+QqrmZr/sB3gVVrWUExd1Uwrv4Fo6S0XIGAO68iFAoF/BT3xJ1o4f4j4CdKz7sIBA/UdUCh1Hi6WDMAAAAAAPhXSkahzLzu7mxa8wqwUs3dhrfq+Ex5IczvQbMrP67Vg5OKuUuIAQAAAAAAwDTVPAAv28x+33/v2Z7uyd4ezQAAAAAAAAAerZoH4NeHs+4t7jEPXwEGAAAAAAAAeORqHoDNpax1EAMAAAAAAABoEGoegAEAAAAAAAAaEARgAAAAAAAAMAkIwAAAAAAAAGAShAwA6oRIKNDq9AwAAAAAAEpotDqhUMDqEAIwQB0Ri0RypYYBAAAAAEAJhUorFtVpJkUXaIA6IhAypVIrYAKZubiOv+cAAAAAAPUK1X4p/SqUWrEYARjgcSQQCERioVKjLVaodXoDAwAAAAAwVUKhgGpClH7pIJnVIQRggLrDZWB6SFH+BQAAAAB4BBCAAQAAAAAAwCQgAAMAAAAAAIBJQAAGAAAAAAAAk4AADAAAAAAAACYBARgAAAAAAABMAgIwAAAAAAAAmIQHCsA5BUoG8Kg52JgzAAAAAACAe3mgAIzgAQAAAAAAAA0FukADAAAAAACASUAABgAAAAAAAJOAAAwAAAAAAAAmAQEYAAAAAAAATAICMAAAAAAAAJgEBGAAAAAAAAAwCQjAAAAAAAAAYBIQgAEAAAAAAMAkIAADAAAAAACASUAABgAAAAAAAJOAAAwAAAAAAAAmAQEYAAAAAAAATAICMAAAAAAAAJgEBGAAAAAAAAAwCQjAAAAAAAAAYBIQgAEAAAAAAMAkIAADAAAAAACASUAABgAAAAAAAJOAAAwAAAAAAAAmoa4D8IufsKtx/72c8iR7oR97SJZtZr/sYmeWszqTU8huZ7Gm/gwAAAAAAADqm0dQAQ7xZdNGlE57ObPHyfr9LDKRLZ3CAAAAAAAAoL55BAHY1pK1DrqjpVDOFv3Ozt1kQiFrH8reGsXMpSwulU37mi2exD77jV2LZzs/Y4cusd1nWLfm7MftTKdnfVuzUT3YR7+y2NusbQibMJT5ud176xRQv9zIbiYxSxnr1JRNfIJrpLr0E53Yi/256SIFG/MxG9aZexmVxL79iytZu9izge3Y2L7cDPRy9kq24GXWLIB7SR9mz1n2+/tszR62di8zGNjQ2axVEzb/RXb0CtdyLY5ZmLP+bdkbIxmYOIPBoNcbtDo9PTMAAHhgQqFALBLSM2EPE3bgAAC1q8524OXUi2uAp37NMnLZSwOZtQX7fD3LymdLJjONjt3OZlOWsn5t2NBOXGwuVrCT15law2XLE9e4bLn9FNeDemQ39sk65mjD3nn63ttytWddmrHpT7HcQvbmN8zHlT3bizXyYBsPcauiP/y951hyJusczjLy2OQvuRr1nLFcx+alf3LvjunD1Frug9HH4OUXsdRsboKi+19HuR9h6pPcM822YDW3HvpUaTlMo2Vg4ujgSaPVWZhJ7KzNJGIRAwCAB0b7VYVSK1dpaL/68A6hsAMHAKh1dbMDr+gRBGAKsa1fK51eNZM52rIrsezNUWxEV64lr4gr+VJNmDeoPZs64o7F33iKhfqyUD8uALcJKi3bUmqlSFwd9tZc4s0uYEIBC/Bghy9xLylCv76UK0FTaXrnaW79gZ5s63Huw3zzBgvy5hakD7n9JBeA74YWsTBjNhasZWPupVbHVBp2I4Fl57OOYQyAigZ08GRjZcYAAKCW0GGTxErEBEyl1olED+v4CTtwAIBaVzc78IoezTXAxs7A/u7swi1ugjInz9OJe45O4book7AKA0p5OHLPFiX/BgX5lDbaWTGlmlXH5iPs27+5eizFWirM+rpyje1CuErvPye5lxSDZz7DNcbcZnSSt7HXfx/s4EVWsd/T3XpC0bLfTWdLNrCJS7hs/O5zrHkjBqZMq9NT6YABAEBtk5mJixUakUjIHg7swAEAHpKHvQOvqO62ZGRrySKalD6sZMzZjmvMzCt9NyOXe3ayLX1Z8Y+ibM+j+/2Dyi9mH69hHULZ/iVsxVvMxa60nUruVH/ef57rUy0Vc9frEvpgVMWlInDpB8tjDjZc3ZjfqLFGzfd/rlSwD7eVNXO4pWauYGDiqICAjnMAAA8D7V0f6qW52IEDADwkD3sHXtEjCMDlUImVCqQrt3F9jC9Gs593crcRqq3RoQ0Gduxq6ePkdcb3Lad/wijWbjrCbib/N+eQjtxVu2v3sJ6tuFhOerbkxuJa9DtXCt59lutlzQfjRh7cMy1OZeqdp7mRrow8nLhBtuJSWUoWK5Bz71JsdnNgvm6sbi/tBgAAAAAAgPIe/SBYVFBdNIHN/5mN+5RLia0as3kv1mZcnPZ16QTF2oNfctcMr97NthznLvd9eRA7E1n6rp0V6x3BdpzihoPmuTtyH2zhWjb6AzozwQZ3YK8NKV3PtBFs+Rb29IfcuNPjB3GxmfdUdy5mPzWfK24vfIUbbjorn2ungvacMQwAAAAAAAAeIYHBUF9G85eruK7CVHR92JRqrthrY1G+fe6P3C2ONn9UPn7nFzNLc1au65NOzwqKuSG1yqH23EKunYI9/dFSHZjWVnFbUE8kpeXyI6+XDsEu4DrECxj3G8D9R8BPlP5CPODwdAqlxtPFmgEAwEOQklEoM5ewhwM7cACAh+eh7sArqhe3QeJZ1NXoEpSxy8XstByu9/Wes2zWs5UUn20tK1kJ5Vt768rbjRcw06oqXRYAAAAAAADqXj0KwI/Qk+9xgzkP78LdcBgAAAAAAAAeSwjAnH8+YRbmzKzuCu8AAAAAAABQ1xCAOfa4rgcAAAAAAOBxhwAMAAAAAAAAJgEBGAAAAAAAAEwCAjAAAAAAAACYBARgAAAAAAAAMAkIwAAAAAAAAGASEIABAAAAAADAJCAAAwAAAAAAgElAAAYAAAAAAACTgAAMAAAAAAAAJgEBGAAAAAAAAEwCAjAAAAAAAACYBCEDAFOSmJSq0+nZw3H5atTvG7fn5OazupWekS1XKCt96/TZy/SRFHd5FwCgoSsqlmdl597XIlev31rz25a1v2+Ni09mAAAmBhVggAZp2fK1Fy7dWLp4tpWlhbFxylsLHB3s5s95/W5LHT91cez4Ge++/erLL45kD8Hufce/W/lbWEhjB3tb9gDoYO7IsXMXLl2/dCVKLBb5+ngO7Ne1d48Olc5M4bZ7/+c7dWj1wzcfVXz3z792b/xrd/cubWUycwYAUA+s/m3LwcOnaUIgFNjZWnt5uA3o1zWosR+rkfET50bdjD13bJNIVK2qxqa/97wzZ5FQKKS960fvT/P382IAAKYEARigQaLz9wePnNZqdWUbjxw/5+nhWsVSdID16kujOndoxWoDJc9ho1+fMnHM4AHdWS2h6vSva//64uufbW2tmzVt0rxZsFarzc7Ooxrv3RahZDv51Web1PTYEQCgjt28FUczATMlAAAQAElEQVQ78H59OttYWxUWFv/9z75lK9Z+8uGbI4f3Y/dvzNND0tKzqpl+yQ+/bLSxsfrnz+WuLk56w8PqEAQAUG89UADOKUCvQnj0HGxQ2atEUnLaL2s3Ux01NS2TTvA//9wTI57oG5+QcuDQqcBGPsFBAecuXJsz/8uvPp/z06+bdu895uPtNmxI72eeGmRmJqXFKVr/b/H3VKNIvp3m7uYslUqocd67kzv9G55vxSS8+/4X0bGJCxetoHJ0+7bNjZXnzMzsca+tovqtl6f7S88/+eQTffh2g8Hw7fe/7dl/7HZaZoe2LaZPecHPx7Pcxz5w+NSCz5ZHtAz7ftmHVBip+HOtWr15/8ET3yx5f+6HS+lnef/dScOH9tm242DbrGZ9e3WiGfR6/ZJlv2zeslet0Tw5tA//yQEA6ps3p7wYGOBDE1G34gcOf3XH7iN8AI6JTfrm+3W0i6Zs3K1Lm2FDenXr3IbaVSr196v+oL369cgYV2fHPr06znzzZYFAsP/QqbiE5FfGPcWvdve+Y79v2H7+0nULmXnvnh0/nDvFuMXsnLzPv1p1KzqBar8vTZgTEhSw5LN3ac+84qc/9h04ERef3CYinP6xoP0zP//0mZ94uDk/MaTX7HlLrt2I3rH5e1oD/cPx5WfvLv9x/cHDpyhCvzBm+Kgn+3/4ybd79h3z9nJ/ani/p57szwAA6rEHCsAIHgD11pS3F9yIjBk9YoCFhez02SsZJRVUqtlScM3NLTBO0zGQhYV5z+7t9h08+dEn3xUXKya/9iy9+/Fny39d9zcdUTXy9/7quzV0QEb5lmKzcf0pt9PFYm4H4u3p5uvj6ef7X5R9d94Sd3fnju1b0jpnzF0c4O/dolkwtS/9ZvXXy9e0a9Ns5LC+G//afXXCrU2/f2Vrc0fKvXLtJj1PevWZStMvKzmAO3H60hsz/nfyzCX6bK6uTgZmoB/Ey8uNn4EyNj28vdw6tmu5a+/RgoIiBgBQX6nVGoqONEEn/viWvPyCYyfO9+7RgfbeW/7Zv3X7gW0bv6PdL53aW7lqA7WPGzv8RlQs5VhKvzR/ckpaTEwiv+yBw6dff/MjKix37dQ6JydfLleU3RbtD7UaHaVfmbl5s6ZBvj4e1PjlN7/SSUzaFXfq0PL4yQtHjp9b/+sXYSGB/Jojo2LpM8gVysaNfO3tbaiF+4dj4hwrK4tePTpQbH7/o682bt51Mzq+a6eIg0fOUG63t7e92xUrAAD1AbpAAzyeoqLi6Pjmw/em8i+pLlrpbDqd7u/138hk5rFxSX2GjD964jwfgKkSSxly1luvsJLMuejLn7w83Rwd7IwLdu/Slo6lzpy7MmrkAKotl11n8/Agqt/SxLo//nnvw6U0DwXgzKwcSr+dO0b88v3/6K02Ec1enjR3z/4TFIbLLnvlKheAQ4O5Yy+qS/CXyRGhSMjXQPj2xOTUAzt+cXVxpJcarbbMj6P/ec1mKmJv/n2ZvZ0N1U869XqWAQDUP6+9Pk8qlSQk3aYMPPaZoS+PKx2agZLw0X1rJSVnGJsE+s56/ws660cBmEKvSCSk6is/okGle/VPFn9vJpX+tX4Z7bFZyd6y7Lv+fl6fffz2gZLKLU1QS0ZmDqXf8KZNVv/wmbWVBZ3rHDxiwsJFK9b+tIhfhJLtgL5dv/hkZtneNBKJZNvG5dTy+8btVBCOjUs8smcN7XIpq9PZSTrligAMAPUZRoEGeDy1aB5y/uL1SdM/pPP39FIorPzL3jw8mD+Wojqtg70txVS+XavVGQ93JJKSM2V3HkhV4YnBvfiJNhFN6Tkh8TY9R0bF0bOvt/vhY2fpoVKp6OX1G9Hlls3JzaOaBtUZuM+g0708+T3+QUeKZWeb+MrTfPotJz0zOzevgGoXdChGL62tLUOCGzEAgPrH2sbSzs7G08NVKBQcO3nh5q34su9GxyYeOnomL7+QlZyFpOdWzUPoHN+osdMPHDrFKturK5Wq2PjkTh1a8emX8CXiKlyP5HbCXTpGUPqliUYB3s3Cg67duWd+9+1Xyl1L0qNrW74lrORkZbPwYH6X27J5SMmnvb8hqQEA6hgqwAANWPkKQJmM+tXi2W/PXrRrz1F6DOrfbeEH08uOF20UWiYfWlrKDPrSNdDxDdVvv/puTSN/73Xr/7GztW7ZIpRVj5ur078r5LbID7ISHZNAz2vXb6OHcc609MxyyzYO9Lty7VZiYiodh4mEwsULZ1DjN9+vS05OKztbgJ93pZvOzOR6evOd93hUNjl7/ioDAKhnaP/GXwN89fqtkc9Oe2f2oh1/fU8v/9q6b+HiFdnZeRYycxsbK+P8k197jvLw2vVb6ZxgeFjjxf+byS9uFBOXRP8oeHm6Vv8zxMRyfafL7jPd3Zxpn5malkkT9JKCbsWxFY3nH/kYbByD0MJCxu7jZCkAwKOBAAzQIPG9kS9fjerepS3fUlBQVFgk93B34V86Ozn88v3/Tp+9vHjpqn92HhKJREs+nVVxPfzxSkXvvTvp5JnLS7/51cnRvl+fzk+PHHi3i3IrkkqlFRtdSg6YZr758ogyfZ4rzhncxJ+eL165QQGY6hvDh/aml79v3F4uAItFIlYZaytLxuXqLGNLTknlBACg3moa2tjP1/NWTIJarcnKzp0xdxHtwNevXtIiPPjajVtPPlN6JYtYLJo3e/KLY4cvW7520997Xnhl1tG9a8vWeGl3zbh+NAXV37RdSeW2sLDY2JKbxy1u++8OX1TZzlYiuaMgfLcdMgBA/YQu0AANEn/G/cC/l8iykpE/6bl506Cys7Vt3ey3nz/38nQ7f/E6ux9btx9IS8s8c2TDyYO/fzh3SmhlHYnNSuJrUZG8OitsGtaYnk+evkTR3fjgO92V1a5Nc8q9nyxeaeyMfV/c3JxFIuHFy5HGlguXbjAAgHosIzMnOjbRzdWJCqpRt+J1Ov3gAd1btwyjxHvoyJlyM/t6eyz6+B06OUhn+qhOW/YtKsza2lifv3hNpVJXb8usSSB3zvHkmUv8SzqLev1GNJ1ItcCN0wHg8YUKMECDNHJ4v+U//L7mty2RkTFUoU1MSv1j0046fuJLpmqNZtrbCwf06+rr7X7zVnxqWkbPbu3va/23UzPkCuWnX/xAJQWZuVn7di1aNgspd59JPoSv/3OHp4crHagZa9GVooO2bp3bHDl+bspbC6gIrNFoKQwPGdiDHyDaiCoh82dPfn/B10NGTurRrV2r5iEFhUVJyamseuigbVD/7lv+2T/6+TeferL/39v2VXEDYQCAR4h24A4OdnHxyQePnDYYDIP6d6PGRv7c9R2Ue2mHeSMq5veN243zf7Dwm8AA7iZ2VKQ9e/6qna218XoTI/on4Oc1mydO++CJwT2pFBwXn2QcCrFS4WGNO3Vo9dfWfS7OjnSic8PmXTm5+R/8e087AIDHEgIwQINkaSFb+9Oi+Qu/OXXm0tkL12xsrNq1bjZv9mT+Yi2hQBifkDJ9BjfeMqXWiJZN586ccF/rb9Y0SCIWb96yRyQSqdUatuyXnt3brywZ29nIz9fzmacG/bbhn9emzOvcMaLqAEy+WzqPv3nv9l2HucV9PEeNGFBxtueeHqI3GHbuOUI59o8/d1CLvZ1Nn14dWfXMnTEhKzv3+MkLdIDYo2tb+sE//N+3DACgnln92xZWctqOTiYO7Nd1/AvcKNA+3u4TXn76h583jH15pouzw/8+fHPBp8v5+ZUqNe3z+aEf6JTi11+8V3EcrDkzXlOr1Tt2Hzl0lCsdV+eWvEs+nTVvwbKffv1Tq9VZW1u+M338s6MHMwCAx5fAgMEKwIQlpeUKSq6gosMIAT/FPXGXVHH/EfATpVdY3XM4zaoplBpPl+peRlt9dMhCJ+ydnewrfryiYnlBQZGzswN/O43qo4z68uT3lnz27qB+3Sg/UwCev3DZH3/uPLJnDT8sSllUKKat0IHa3QaarigtPYsCPB1pVT2bRqvNzMyxtbW2vMuFylUoLCymnVvZ8WMA4PGWklEoM5ewh+Mh7cDvhva6VOalHXu5/apKpc7Ozbe1sbrnXpF2s7SPrf7Ok/a3edwWHRgAQJ17qDvwilABBmjYxGIRhc9K36JDpEpHfr6nU2cvM64I3ITv80xFYLlcSQG70shK5Yv7vVqsYre9SlFuN47pdb/uma4BAOotqVRS6Z3ezMykHhXOQlaqmrtZI9rfIv0CgIlAAAaA8gb07fLrur9HjZke0TKM6so3omJTbqfPnz25ZnEaAAAAAKCeQAAGgPKahwcf3//b+QvXzl28bjDoO7Rr2bdXp0rLEQAAAAAADQgCMABUws7Wumf39vRgAAAAAACPCwRgAAAAAAAAMAkIwAAAAAAAAGASEIABAAAAAADAJCAAAwAAAAAAgElAAAYAAAAAAACTgAAMAAAAAAAAJkHIHmsarXb9xh0FBUWVvptyO33aOwuvXr/FAAAAAAAA4HFX1wF4xLNTGzXtS4+2XUe9PGnuz2s2GwyGqhfJzs67eDmS1UhsXPLs+UtOnb1c6bsFhUXbdhxMS89iAAAAAAAA8Lh7BF2gw0IC586ckJObf+lK1P8Wf3/h0o1FC9+RSiR3m/+XdX9dux7943cL2P0Laux3ZO9ad1cnBgAAAAAAAKbtEXSBtrG2atu6Wf8+XWa++fKij9+hGuzBw6epvbCw+PU3F3To8XREpxFT3lpw7UY0Nf74y8Yff/nzxOmL3fo9/86cRdRCFePFS1f1HvxSu26jp8/8pLBITo3RsYk0w+59x4aMnBjeZujzr8y6nZrBtz/zwlvHT17gN/3PzkMjn5vWtM3QLr2f23/wZNlPFXUzru/Q8ct/+L3qTdyIihk9dnpIy0F5+YUMAAAAAAAAGo5HfA1wv96dRSLh2fPXaNra2rJFs+BlX7y3asXCmLikr75dTY2dO0R4uLuEBjdavPCdl198ilq++PrnX9f+9eaUF6kmHHUz9s1Zn1CjRqNJTkn78H/fTpk45u03Xrp67daMOYuN7QqliqYPHD497Z2FQY39v//6g9cnjAkOCjB+jLj45LGvzAwLafzqS6Oq3sSLr84ODw/66P2pdrbWDAAAAAAAABqORzwKtJmZ1NXFKSExhX/58osjCwqK0jOzWzUP/WPTDp1OH9TE39JSZmtj3SYinJ/n7237O7ZvSTmWpvv06vT9T39otFr+rZeef7Jvr040ERufvOa3LVRSLrutnXuOeHq4Lpg3TSAQ8C35BVwVNzs7b96CryNahFE5WigUVr2JJ5/oQ4VrBgAAAAAAAA3NIw7AWq0uIzP7qSf70/T5i9dnz1uSkHg7NKRRfkERpd+K42MpFMqU2+kFhUUvvjqLb3FysKMEy0+7uTrzE6FBjeg5Kzu37LJRt+J8fTyM6dfoky9WUup+bvQQsVh0z000Dw9iAAAAAAAA0AA94gC8+rctlIFbt2pK0+999JVarblwYpO5udmCli/d+wAAEABJREFUT7+Li0+uOL9MZu7q4kjV4KWLZpdtz83Lp+f0f8dzzsjKFomEVO+NiUs0zuPl4UYZuOI6hw/p7eLi+PnSVa1ahLZv27zqTYhEIgYAAAAAAAAN0CMIwHn5hUePn8vMyj1x6uKff++eMH50x3YtqF3ABObm0oLCYioF/7V1n3F+Cq5nzl2Jjk00k0q9vdz69uq0YfOu9Rt39OzeLjevIC4uuV+fzvycq9ZsbhrWmOrGq9dtiWjZVCq9Y2TpLh0jduw+/NW3qwf273Y7NcPB3pZCMrV3bN+yV/f2p05fmvbOwm1/fufs5FDFJgAAAAAAAKCBegSDYN2Iinnh1Xe/+m61QqlcvHDGO9PH8+1TJ41JSk7r0OPpd+ctKXud7dhnhqpUqn5DX575Hjeu1XuzJo14os+nX/zQvvvTg56ccOT4OeOcFHFfmfzeMy++7e7m/MUnM8ttd/TIAZNefeaXtX/RqiZMnZ+dk2d8SyAQLP7fDKFQQBlYp9NXsQkAAAAAAABooAQVr7N9hCh85uUVODjYlrtSl9pzcvMc7O34mi0ruVNRVnaurY01X+alUD14xMTlX83v0bWdXK6wsbGqYivcgrbWEvE9qt/lNgGPpaS0XEHJb5uQzn/wU9wT9+vH/UfAT5T+Nla8gPy+KJQaTxcMHg4A8FCkZBTKzB/Wv9fYgQMAPDwPdQde0SO+BrgcyreOjnaVtjs7OZRtoShSroUnFouqTr/EydGeVcPdNgFQYzkFSgYAAA0QduAAAI+H+hWAAR5vDjbmDAAAHoIUpYY9TNiBAwA8JA97B17OYxKAAxv5Htm71sHOhgEAAAAAAABU5jEJwBKx2MPNmQEAAAAAAADcBbpAAwAAAAAAgElAAAYAAAAAAACTgAAMAAAAAAAAJgEBGAAAAAAAAEwCAjAAAAAAAACYBARgAAAAAAAAMAkIwAAAAAAAAGASEIABAAAAAADAJCAAAwAAAAAAgElAAAYAAAAAAACTgAAMAAAAAAAAJgEBGAAAAAAAAEwCAjAAAAAAAACYBARgADBpOp2+WKGRqzQ6nYEBQJ0QiQQWZhJLmUQkEjIAAIA6JM4pUDIAAJNE6TcrXyERCa0szMQ4EAeoK1qdXq3W0rfPyVaGDAwAAHVJ7GBjzgBMVbFcwcCEUe2X0q+FTMoAoA7R+SaxTCpXaooUGlsrMwYAAFBXcNoVAEyXXKWRSnElCMCjIZWIFCoNAwAAqEM48gMA06XTGdDzGeBRoW8frr0HAIA6hgAMAAAAAAAAJgGlDwAAAIAGSa3RXr6RUFjMjWeRdDvr7KXoYvn9DW4al5RBSylV6rKNKrWWGmMT0hkAwGMHFWAAAACAurN89e6ygXPa+MECAauZtIzc/ceudNOFtWzqH5uYfuFqnKe7o6XFfYxvejP29o1byQG+buZm/w0HSB/v6JnIxv7uAb6uDADg8YIADAAAAFCnJGJReIgvP13j9Et8PJ1feKqHrY0Fq1UC9gCfCQCgfkMABjB1ao02MjrF38fF2lKWdDsrPTMvpLHXfRUQAADgvkilkq7tQo0vE1My9x693Kl18KkLt4qKlb5ezu1bNdlz5FJ+gTzQz61ruzCJRJRXUEzFXtpFi8WiAB/XDhFBFjIzfsHWzQKb/Runy4lLyjhxNio7r9DOxpJWRUuxkt3+nsOX4pMznB1sLS3+uw1VTELaoRPX6N0WYf7lPtvAHhFHz9ygz/DyM71z84sPnrhKxWdbG8u2LRrTamk2+nfk0vX4zOwCK0tz+vDBgZ4VWxgAQD2AAAzQINWrHnQAAHBfNBot7WxpwkImDWrkqdHqCgoVOw9epPOPqem5t+JS6eHn5aw2l16JTKQyb2N/d9otCwQCyrqFxYrLNxKsLGXtWjbmF1Td/W5S5mYSG2tZcGPP+KQMSte+ns4ebg6nL9yi9dtaW4hEQprg56R/U3bsv6DV6Rr5ul28FvffRy3ZxOadp4RCgZe7I73cvPOkVqtr17JJXFL69n3nnh3exdrKgv4doQ11bB2UlplnZiZRqbXlWhgAQP2AAAzQUNXzHnQAAHA3VGU9dPIaTbg42VIA5huplNq3a/PYhPQte854uDoM698u8XbWpu0n6ZkCMO3zh/dvR/VhKsNei0qKjkulAHzPDbm72A/u3Tonr0gsEiWmZN2KT6UATOc66a1RQztZysw27ThFNV7GVXqzKP2GB/v06twsNSN3/ZZjZddjZ2s5anBHCswpaTmUh0Mbe3l5OFJpN+l2Nj2aBJjRTyRXqGQyswE9WlJQL5aryrUwAID6AQEYoKGqsx50AABQu6jwO3poZ5oQCf+7H4eDnRU9m5tzxVInB2t6trbkOuNoNVpWspM/cPxabn4RxU6dXk9htTobOnc55tyVWIVSzXd1psotPVM6pQ9A6ZffEB+AKazSs7OjLddob1NuPf7eLqKSu6Zn5xbS8/VbyfTg38ovLKaVd2sfdvTMjV0HL5y+cHNo37b2tpYVWxgAQD2AAAzQUNVZDzoAAKhdAoHQ1rp8vxsq0lY6zTtx7mZBkfzFUT2sLWXf/rqTVYNSpTlx/qaDrdULT/XIyinYsO04325uJskvlFOFVioRFxYp+EazklGgqZ2e+fsqlWUM6vzHbhUeYKw/88G4ZVP/JgHux89FUXX65PmbVPWt2MIAAOoBBGCAhqrOetABAEDtUqs1R0/f4Kc7tw2pziJ8KM3NKzp/JVan01dnEa4XslanN+hT03POXo4xtnu6OVDQ3XnwgoujbXxSBt/o4WovEDD6p0FmJon7t7EiNxd7M6n4xq1kSsL0SM3IDQ70ovZrN5O83B293J1oDSKhIDe/uFwLAwCoHxCAARqqOutBB3UpOjbh4sUbN2/FFcsVzZsFt2wR2riRHwOAx4tGqzMm0k5tqhWA27ZofPDE1b93n/Hzcg5u5JmelXfPRSig0pyRMSm0VESzRsVyJd/eoXVQRnY+nSrNzikMD/Y9fzWWn5k+yfGzkUfPRLZu1ojOk1a6Tkq/Iwd13HXoIn0Yg4FZWpiHNPYyGAxXIhPOXoqmGZwdbFo3D2SsYgsAQL0goH0WAzBVSWm5gpKhOYRCoYCf4p64E9XcfwT8ROl56wccw0Oh1Hi6WLNasnz1bpFI+MqzvY0tMQlpW/ec7dQ6uE2LwNvpOX9sPd6qaUDX9qEUd3/ZcDAk0LNf95brtxyjg56xI7rxPehsrGQvPNWj7IJUUr5wNW700E7uLvbMBKRkFDra3ffoXwqFcvSYaRNffXZAv26sRq5HRk+Y8t761V+5uzkbGyNvxiz9+pfUtMwWzUMcHOykEnFGZvaly1HmMrN3336taVgTfrYZsz+1t7N9d8YEVlMPvgaA2pKdJ6+tHSN9nWXmD2uo4drdgdcYFX7pxKWZ9P5+TCoD0z9xFftUq1SaioMz0yb0BoNELLrnainD6/V644ehw0mlSk0Liv9dtmILAEClHuoOvCJUgAEaqrrpQQflUIX2/Q+XxsQlLlqycvnK39q2aTZn5iRqv3bj1qpf/zx95pKHu+vAAd2ff3YYP//mLXv27j927vwVC0uL1i2bvvPmK1ev31rwyTfZ2XnjJ7wrEYtfemHkE0N65+Tmvzb5vdkzJ/br3SU1NePYifMZmVnhTYNfHf/Mhk07nnlh+vGDG+hwcuGi7/7ZedDa2vLk6YsWFrLffl3CuL/QgmXLVx89flYkEHXuGPHmtJfMzbmxbc6eu/zn37tPnrqg0WiDgxu9/tqYRgG+la6hrMIi+ZfLVp05czk1LcPfz5s+UotmIXSq9MdfNhw4dCohITmiZdNnnx7ark1zfv4Zcz5zcXakSvUXS3/Kyc1r2Szko3lvxickLf7yp5TUNPpxxjzzhK8P7v8JUAvovCd/we19obNplbZXemsibhOsWkpC8n/z0ilimbm07AwVWwAA6oOaB2ClShMdn1pUrKxiHitL80A/d3Pc/A3gIaibHnRQzu3bGWIxt+f09HDz8fbw8fGg6fSM7MnT5tMpiaFDeicmJH+6eAUVW54dPeTQ0TNz538RFtL4mdFDKU+ePXfF2soyMSnFTModFAY19qcI6uToQNOfffG9v78XxcXTZy6/OnmOs4ujv5/n8h9+mzr5hdfGP/3DqvVXr0Z5e7mrSm7+bG9rSwVh85IjS61W99bMhecuXO3ft5ulhfnvG7dlZucu+Ww2l6invG9jbTloQE+lSnXoyGmaOT+/sOIayqIfYepbH9BnaN4spEdQ+3MXr9nbcYPBLlu+ZvnKdbY21u3btTh1+uKxk+d//XFRaDDXpzHldvrxE+c2bt7Rvk3zzGwb+pFfnvhuckoahW0XJ8d167deuHh942/LGAAAAEA9UMMAXKxQrd10SK5Q33PO42cjxzzZzaJkqH0AqC0TxvYt19LI1+2Nlwfz0x6uDsZpe1sr43SzEN+wJt7letCVXbBb+zB6MLi7rp3bFBYWUUV3xPB+w4b04Ru///G3zKyctas+b9E8lIqlzzw//adfN1IAvnmTO0PxxusvduzQiib0er1QKHzhuSdj45ISElPemf6yh4crvwYqHU9+bQwt+9ashVRAXvjBW9TYoftTMgqpUklwk4CLV653aN9y5luv7dpzpFXLsI8/eJNfkMrLp85ceuP1F1556Wl6aWFhserXjSkpafR5lErV2GeH01vUPmfGRL4Pf8U1lLX/0ElKv/TJ+bI2fR5aKiMzh9IvBeYfvvuftZUFffgRT0+mAviqFZ/yS1EJev7cqU89OUCj1Q54YvzN6PjXXn5m6qTn6a1Bw1+5ERVTLFdYWsgYAAAAwKNWwwAcHZdK6bdVeECAj2tVs8WnXbwWdysutXmoHwOAeqBmPeigajeiYq0sLQqL5EePn6OXzk72V65F5eUXNg/nbtQ86/1FE19+9slh/fi7jFRE+ZBqyFRPjo1Posrts6OGsJLwKZcrLGTcGGZurs63UzPvtml6trGx4TdtbsadbbweFduhXQvKnKt+3aDT6V4YM9zJsVoXdUeWrI2yPf+Sz8yRUVyM79i+FaVfmgjw927aNOhGZEzZBXv37MS4LpHiJo18U1MzunSM4NubNwuOT0jOyc5DAAYAAID6oIbHwQolV/ttGuTjaG+98+AFuULl5e54JTLhWlRiyZD3pY/wYB/jzHVj74ET095ZyN/nvVKHjp6hGRSKSnpu0+EmHYNWc1SwrOxcKuawWpJyO50+1ZVrtxjci06v5+9SCFB/xMYmFBXLJ0x577XX59KD6qjUmJGR1bZNsw/mTtNqdAs+/XbAEy/tPXC80sWzsnLo2d7BtqiI+922KMmKMXGJtCvjr+alXZObi9PdNk3PHy78mt/0dyvXcvOnZ1IgX7HsIy9P959+2dBvyLhvv1/LqiE6mruztKe7W9nGuPhEeg4JbmRscXN1KiwsTk0rzeRSiYTvKc1Nl3QuCAz051/yP4uBYbRFAAAAqBcetBAklTmflZgAABAASURBVIgp6NrbcndecXdxcHWu4cixI56d2qhp30+/+KFs44JPv6PGp194q/rriY5J2LbjoN5w12gaG5dMM1RMyFu3H2jZYXjHns9EdBpJIflui1OFZ+Z7n3fpM6Zdt9ERnUe+NmXerZgE9sAKCovoU6WlZzKoEv3Fbdh6/Jc/DmD0cqhXnJ0dHR3sDu/57fDe/x6NAnzprZFP9t+1ddXkCWPyC4renPFxbFxSxcUpplLQjYlNDA9rYmdrvWvvYbVas37DP/RWQmLKrZh4qid369qu0k27uDjS85qfFpfd9Mjh/amxZYuwLRtXfPzBm/b2tt8sX7Nx0857/RzM0Ynbh+fm5ZdttLXlwm1R4X/3RMnLLyhpLx0Ut+IQr2L0MgAAAIB66YGOUS5eiztzKdrOxjImIe3k+ZtKlZoeNGF8XLoeX/212dhYbflnv7GsSlHn7237qZE9fLTReQuW9evd+cjetU3DGn/x1c+VzqZUql6eNHfX3qMTxo/++49vlnw6KyMz54VXZiWnpDF4+HQ6/eadp9Iy85qH+T3gHYkAHoS0ZAgrvlrLCw1pnJ2Tl5KaRjHY+DB2Nbe2tpz06nNzZ06i3+ErV6OoxUxSsobi0jXQnCHBgTciY4VC4einBi/7bk2H7k8dOHxq9oyJy5avGfXs1BHD+zcNbcwtWNKJurj4vyzKj0R1/uL1spvm68b8mocN6fNzycW6Fy9fr3QNrGR/y08ENuJC+6kzl8q+G1hyI+LT5y7zL+k8YGRkjLu7C989GwAAAKABeaDbIF2+UQvFT6OunVr/s/PQqbOXO7RtQS8PHjmt0WrbtW5GZRN+hoKCog/+982pM5fpGLFLx4j3Zk3kD/Iio2LnfPBl1K340OBGYSH/3WmdirorfvyD6if+fl59e3V6fcJzd9s0rVAsEclk5g52Nvn5hUGN/Sudbfe+Y2fPX/1u6TxaG9/i4+XeZ8j4H37eOHXSWCpiv/T8iLHPDGUlx7VPjJr89MiBr4x76ur1W4uX/nTpSpSvj8er40YN7NeVZpj7wVJ3N2exWLxy1R/DhvYe8UQf41YKC4vfnbfk3IWrVALq2L7lhJefph9q/MS5VGNZ8fUH/DwvT35PLBIt/2r+ylUbqHQcHZvo5uI0ddKYJwb3Yo8pvcHw967TKWk5zUJ8MUoTPFqNA7mU+Odfuzw8XOmb2LVzm5HD+u3ee+Ttdz99dtRgirLxCSkJibdnvPnyb+u35hUUtGwWRjuZXXuO0FJBQdzuJbBkDd+t/G340D52dtbNmga3ahG6+e9dw4f2njrp+V49OuTnFbZqGUa7uDYR4bQrCCtJv4Tqw85ODidOXdz6z36hUDCwf/euXdrSx/j+x98zs3N7dG2XlZ2778DxRQtnXbpy45+dBzt3bG1vZ7N77zFatkmTgErXsPSbX1ev27x+zdLAAN9undt+t2Ld51/+kJ9f4O7mcv7S9QF9urSOaNahfUua39nJMSQoYNOW3Tm5+XNLRskCAAAAaFgeKAD37dbCxqqqcU0KihS7D11k1WNrY9WhXYu/tu7jA/Cmv3cP6teNiirGGV6aOCctPWvSq8/aWFt+9Ml3GVk5K5d9SIWLCdPmazTa+bMnp6Zn/vjzRuP8Hu4ur4wbGRoSePDw6U8+X9mze/vQMtewlTPjjfGz3v+CUretjfUbrz9f6TzXbkRT4ZGCurElwN/bzdWJ2h3sbf18PH/7YxsfgHfuOUpHwD26tUvPyB732uz2bZuvW7Xo6PHzb8xY6Onh0jw8mA5Sd+w+TMeX019/oXmz4LJboWJRi2bB48YOl0jE9JG++nY15d4unSLoR05Iuu3r7UHPBw6dev/dSZT86ef66P1pbSKa3oiKDQzwYY+v3QcvJt7OovTbs1M4A3ikfH08R40Y+Mef26dM/6Bjh1YUgNu0bvbV5+9/+fXPny/9Sa/XSyWS0aO4gbUlEslPP2+UK9YwbhdnPeud14KbcHuhvr27/L1tH2Vmerzx+gsUgF+fMDYmNnH8xNnvvfs67SLCQrjEm5qWSY0D+nUru/Vpr7/44cdfz3pvEdVy+/ftRmn25xWfzP1wyYY/t69eu5lmaNE8VCBgFJ73Hzj++x/bqIWmqYb8VEm/6IpryMrmxovmezj7eHt8+9UHHy38hlIx/SC0Z+N7U3+6YMaCT779de0m2uXSPmr61HGjnxrEAAAAABqaBwrAbs52DnZVdVHOzi1k1abT6amAScdYH86dolCq9h88tXbVohU/ruffTU5Ju3DpxtwZE54dxR11cXfd+HgZ1YTjEpKTktPmzHhtZMmwpVR12bxlL79IRMswOo5MS89s36a5SCTce+DE3QJwYZF8554jVMmhVU2Y/zQlZ5VK/caM/w3q323wgO7G2WjlVEsx9i3kUXn24uVImhg9csDk6R9RKA0OCvh7616q51Ai/fNvrlRCpWCpRNqzW/tvV/52+NhZ+lSMGxtMtfrHT/mRY25E3TGe6ssvjqQfLT0zu1Xz0D827aA/mSeH9ln05U9/bdk7bfLzW/7ZT4fX9GdFn5ZmPnHqQtvW4UMH9mAmgMpoDOBRoxNh8+ZMeefNV+h76uLswDd26dSaHnKFsrCw2MHBVlJyr+CRT/YfNrRPbl4+/eo6OtgZ10Bl2LWrPqedA01TyGQlY0d9uXjuZ59///Gn36akpLm6OOYXFFEu7dSxVbkATEXjIQN7ZmblODqW9rL29HRbteJTiqbUaNxHhQYH7t+5Jq/kxr+0trJXDZRbwwdzp02Z+LxrybXEpEWzkD9/X1YsV8jlCvrM/JeOJpZ8Nluj1eblFVDkLvt56Acp+/LLxe+VfUmFYtSKAQAAoP54oABc6/r17vzeh0v3HTxJhV9KoZRgjW/dvBVPz+FNm/Avvb24QUqjbsVREqaJpv/2DwwLDuQDMIXGDz/59o8/d9BxW6MAH73eoNFo7rbdhYtWnD575e8N3x46cnruB0u1Gq2FhWz3vmNTJ40pOxsVe+mAtfjOG1reTs2kdpro1aMDHchu3rp3nN2TJ05f+uRD7h6bt6K5XuKz3is9QLSykBmvG6RarnHc1LLOX7w+e94SCtuhIY3oCJh+EIPBYGNjRVGcVj510ti/t+3v06sjHUDT46vFc7746ud+Q1/u3qXtJx+9We7A9HHSp1vzIrny4rU4kVDQpV0oA3jULGTmFS+CrdgoFovu9sXko68RZeY5MyfNmcloB3jrVrzMwtzL061sbC67Tnc353s2UuitdCdTbmbKwMb0a0R7uYo3LqJP+BjvZAAAAMAU1K8AbG1l0at7h7+27s3Iyhn+RO+yb7mWhMz0jGz+ZVp6FuNGXnUQlFQnYuKS2rZuRhNxiSn8DPsOnljz25aF86dTYZZCctuuo6rY7oWL14Oa+Ac19qMHHbzO+3iZlaXF8KG9Q4LuqBi3ahm2+rctVCse8URfviU6NjE6JuGZkqI0HRpSXWX7zkN0KEkrGdifK9r4+3rR8y8rPwnw9y63UZFIVOmHee+jr9RqzYUTm6iMs+DT7+Lik/n2MaOHbNy867cN26ll/uzJfCPVqAf07bJn/4lZ73/+8WcrvvzsXfaYEgmFT/Rtu2Hb8XNXYmXm0tbNAxnAY4obyKpdCwYAjyk6tV2s0MhVGp0OdzQAgAZGJBJYmEksZRJRg73jQ/0KwOSJwT0nvfGhXq9f9vncsu3BTQIoo3793RqqDOv0+uU//N48PJiKqK7Ojo6OdqvX/e3r45mTk8eP9cJKSh+s5OaTt9Myv12xrup79lJhedPfe35eszmiRZhQJLK2tuQ6MdqXL7wM7t9t5U9/zFuwLCsrL6JVWExM4ver/jA3l0569Rl+hlEj+v/4y8a167cNHtidrwJ16tCSJqjCTJVbVxen65Exjfy9fbzdq/gwAiagdRYUFlMp+K+t+8p+SCp0f/nNLx5uzh3bt6QWWhv9yE3DmoQGN3Kws33sh0WWSETDB7Rbv+XYhWtxCMAAANAQUfrNyldIREIrCzPcMAwAGhytTq9Wa2k/5mQra6AZuN4F4G5d2lhZWVDc9fJ0K9tOf77ffvn+jDmLRz43jcJt29bhny14myZkMvMv/jfzzVmfjh0/w9PD9cWxwxct+ZHm79yhVacOrebM/1IoFI55ekiv7u2r2OicGRPy8gs//fwHtUZD6feZpwb5+3rO+WCp3qCfO2OCcTZa1bqfP1/wybcrflyfv6SQKrQRLcN+Wv6xsU9gYIBPqxahFFy/+GQm30I/BZV/53649MlnphoMBppz1YqPWZWmThrz1qxPO/R4mpad+ebLs97/wvjWc6MHvztvydSJY/ir8jIys6e8uUCuULKSTuBTJo5hjzuq/Y4e2kml1jAAAIAGiGq/lH4tZFIGANAA0Zk7sUwqV2qKFBpbKzPWAAkolbH7d+l6/IHjV1s1DQjwda1itltxqTRnj45Nm4f6sVpSLFcIS3Jv2Ub6KXJy8x3sbcvdHragoEgiEcuqd7NKrVaXl19AK6nOSEu0OTtb6+qPyUQfW6PR2tpYVecGtnR6OC+vwMGh/I+zfuOO2fOXHNr1q/HsAM2Zm5dvaSGT4YacNZKUliso+VOmv0oBP8U9cX/s3H8E/ETp38ID3nxYodR4ulgzqE9SMgod7SwYADwi2Xny2tox0tdZZi5hD0ct7sDTsotQ+wWAho7qwEVylZujFasND3UHXlENK8D+3q4HBdfOX42lR9VzUmagmVntqTguC7+VSoeKsbG5j78VsVjk5GhfzZnLjV5zT5V+7Luhcrej4x0/TlZ2bmJS6lffrR46sEfZ2jjNWf3PDAAAAI+WTmdA+gWAho72Yw13FIMaBmAba9m40T0TUzKLipVVzGZlae7j6Vz1vYKhOt6ZvejwsbPt2jSbO2siAwAAAAAAgPtX82uAKdY2DfJhUCe+/mKuXqe/r4I2AAAAAAAAlFXvBsGCSllZ4jJFAAAAAACAB4KrUADAdIlEAq1OzwDgUaBvH30HGQAAQB1CAAYA0yUzk6jVWgYAj4Jao6PvIAMAAKhDCMAAYLqsZBKNVi9XalAHBqhL9I2j751Go6PvIAMAAKhDuAYYAEwXdyMxO1mRQlMkVzXc0fwBGhyRSEC1X1s7mQg3BAIAgLqFAAwAJo2Ov22tzOjBAAAAAOBxhwAMAAAAAAAAJgFdjwAAAACAZeUWJCRnMACAxxoqwAAAAAD1WlR0ckxCWtmW0CAfPy8X9sAysvO37z3z3JM9JBJRckpmQkqWb22sFgCg3kIABgAAAKjXcvOLi4qV4SG+xhZbawtWG2ysLFo0DaD0ywAATAMCMAAAAEB9Z2VpHtLYm9U2czNJi7AABgBgMhCAAQAAABqk6zeT5AqVWCy8ciNepzN4uDn06NQsKjr5WlSiWqPx93FrHupvbSWjOTVa3clzkcm3s5UqtZuzXZNAr0a+bqzkut89By8+M7wrAwAwDQjAAAAAAPWdgRnCsaeXAAAQAElEQVT0+v9uVy4UCuhZrVZfuhbbpJHn8AEd9Xr9zgPnN2w96mhn3b1TuEQsOnT86omzN/p2b0Vz0ktHexsq9spk0psxtw+fuOLn7SISCnVafX5hMQMAMBkIwAAAAAD1XVJK1vdrdhpfPj2si52NFStJwp3ahgoFXB4ODvQ8fjZySO+21tZc1Tco0OvC1RjjIqFNSntQhzT2PnPxZsrtbB8vZwYAYGIQgAEAAADqO29Pp/7dI4wvRaLSO1naWFvy6ZeYSSVWVjI+/RJrS5lGozMukp6Zm5CcVSRXqFUarVanVGsYAIDpEecUKBkAAAAA1GMCJjCG3rLKDeAsEVU+nvOJc1HRcSmtmzf29XaWSaXb9p1hAAAmSexgY84ATFWxXMEAAAAeawaD4WpkfOe2ofw40kXFyoJCOQMAMEnoAg0AAABQ3+n0umK5yvjSTCoWi6t7816BQGBuLi0o4s75Uvo9ffGmSChkAAAmCQEYAAAAoL5LSc1ZvXG/8WWnNiHhIX7VX7xTm9CDxy5fv5mo0+lbN2sk8HdnAAAmSWAwGBiAqUpKy6Xz4gJuFE2hgJ/inrjRRLj/CPiJ0sFFjBM1o1BqPF2sGQAAPAQpGYUycwl7OGpxB06f09HOgj0KdMRXLFfKZFKUfwHgwWXnyWtxx/jwduAVoQIMAAAA8Pijs7hWlhj5BQBMHQIwAJg0nU5frNDIVRqdDt1hAOqISCSwMJNYyiSVDmsMAADw8CAAA4DpovSbla+QiIRWFmZiHIgD1BWtTq9Wa+nb52QrQwYGAIC6hH91AMB0Ue2X0q+FTIr0C1CXxCXfO4lYVKTQMAAAgDqEYz4AMF1ylUYqRUcYgEdDKhEpVAjAAABQp3DkBwCmS6czoPYL8KjQtw/X3gMAQB1DAAYAAAAAAACTgAAMAAAAAAAAJgEBGAAAAAAAAEwCLn4DAAAAqCMikUCr0zMAgIaM9mO0N2MNEwIwANS+rJzCs5eiM7LzGQAAlCEzk6jVWgYA0JCpNTram7GGqXa6QBsMrFiupIdGq3N2tDXDbUUAHrLlq3crVWqakJlLPd0cenQKt5SZsXojPSvv6JnInlKJi6MtAwCAf1nJJFl5CjpikkpEGIUeABocqv1S+tVodLZ2MtYwPWhSpdB74WrcpRvx9KdgbHR1tmvk6xYRHiDCnh3goZGIRU2DfZJTs6Pj0xzsrDq2Dmb1RkPtEwMA8JDRoZGTnaxIoSmSq3AXKABocEQiAdV+Kf023KD3QAGYjrz/2nVaq9XRzx/UyMPHw9nMTJKWmZd8O+v42chrNxP7dm1BtSkGAA+BVCrp1j5Mp9MvX7MrMjqFAnBeQfH+Y1fSM/PEYlGAj2uHiCALmZlKpTlw/GpSapZWq/dwtR/Qs5VBbyjb0rdbi/Vbjrk42Q7s2Sonr+ivXadEQtHYkd0ETLBm0yE7G8shfVrnF8gPnriampFrbSVrHurXNMiHPsCpC7fikzK6tAvdfeiiq7PtgB6tTpyLunQ9nvYD/t6uDAAAKkNHTbZWZvRgAABQ52oegBNTMv/efUYoFNDRc2N/dypG8e2Bfm70fCUykQ6X//znxPNPdacDaAYAD4dKrdXrDTo9V0awtDAXCAStmwUWFisu30iwspS1a9n4wrW4yJiU1s0aCYXC3PwiqUR88vzNsi0yc6mFhVlMQppOr0+6naVUatQaRVZ2Aa0wO7fQ38dVo9Vt2nGyoEge6OdOCXnvkcvmZlL6pitVaorEf+86bW4mcXawoTBMkZjWT9OXb8QzAAAAAIB6poaVa7VGu23vOTrsHtK7dWhjL2P6NQoP9nlueFc6Fv9n3zm9oZ728FGp1BmZOXo9BmNsSCik5RfKGTCmVKr/2Hb8lw37qQgc1sSblXSKHt6/XUhjryYBHiKhMDoulZVcp0DPhcVKmmdQr4hKW3w9nWklVDpOTs3293GxtDC7nZ5DYZje8vNypnb6Mw8P9qWZh/VvS41RMSnGj0GbGze6Z+vmgbGJ6fSyV+dmg3u37tAqiAEAAAAA1DM1rABfuZFAGbh3l2Y+ns53m8fBzqpbh7D9x64cOxPZpW1I1Ssc8ezUi5cjjS/fnjZu4ivP3G3mM+euBDX2t7GxYjV19vzVD//3beTNWDrot5CZT3j56cmvPcsaplsxCRKJ2M/Hk5kArVa38Z8TGVn5U14aSKdXmGmjU0sqlcbD1YGKtM1CfFlJv4wDx69RUdfK0pzOFGh13JX57Vo2oT8xiqw3Y2+3bRHYISKoYouPp9OJc1G303Mp97ZpHkjfC5qmP22xWOTuan81MpHW4+RgQ8/WltwlH1k5hcaPwXf6YFyuVtGzs6NNyczWDAAAAACgnqlJAKaC7vkrsZRv+esAq0AH5cfPRtHMndoEC+8VV0KDG82e8Ro/7ePlfrfZiorlL7z67u+/fN6saQ1LTEeOnRs3YXaPbu1mTB9vZ2dzIzLG09ONNVhz53/Zq0eHV18axR53lMo27zyVlpnXsqk/0i+xkJmNHdGtbMuJczcLiuQvjupBMfXbX3fyjRSGnxnWJTo+7eCJq6cu3KKCrZ2NZbkWN2c7M6k4JTWbQqybi71Wp79+M0mj1Xm7O1Il2dLCnNYjV3D5liI3/UXIZFLjRo1DIJibc6PhU62Ydg5UXmYAAAAAAPVMTQJwTl5hsULVLNSvOjNTZYmqTNk5hXxdqAq2NtYd2rYwvoyOTXx18vvPPT14/Asj6YD7pYlzJGLR/DmvT3nrY5VK/dqUeVKp9Lul867fiN659+gLzw6bt+BrS0vZ1o3fXbsRvXDRihuRsVZWFt27tHlz6jg72zuKUfMXLmsS6Pv91x/wIappaGO+3WAwfPnNr7v3HsvMymnVInTOzAm+3h7UPveDpZSTc3Lz/tlxyN7eZvKrzzo52v/v8+8LC4v79Or07luvyGTm9GnHT5w7Z8ZrX3+3Jj4hpWWL0E8+fNPD3YUWvx4Z8/nSVRcv33Bzcx42uNcr457ifzqaf/7syZ9/9XNySmrnjq2nTBwT1NiP3sovKJy/YNmJ05foxxkyoMcbrz9PjRs37/pn56H+fbosW76Gynp9enZ8543x1taWU9/++OyFa7diEteu30YZ+Kkn+81bsOzU6Uv0IzQK8F74wZt0WoE9Fqja+feu0ylpOXRWpVv7MAaVoW8mPefmFdFZJ/rW8I1nL8fIzKW21hYOtlZFxUqhQFixhb4L3h5OCcmZlGbpq0q1XyoI0xoiwgNoDV7ujmZmkkvX483NJAkpXL/oQN9Kzhl5ujlei0o6evpGTl7R5evx7LFGZ+I0Gq293X+7NfrSWdPJBvPSUW00Wm1WVq67m3MVi6SmZri4OBnPIFRcpNw6Ky4CAAAAAPelJkdRdHRLz3Y2FqykS+rOgxdSM3Jp+tzlmAtX42iCXlIjvcVKAjArGUrnnqulQ72/tu7jH9nZeYEBPoMGdFv85apbMQkrflxPoW76lBcpJA/o24Vmnjb5+cUL3/Hxdi8skh87cX7uh0tHjRzw1rRx9Jabq1Ov7u3X/PTZx/Pe2LB51+a/99zx4XPzKaAO7NetYglx8dJVK1dt6N2zw6KFM/LyC8eMe4eyKLVnZed+t/I3qoMt/3q+j7fHrPe/+HjRikmvPPvc6CFrf996+OhZmkej0SSnpH34v28px779xktXr92aMWcxtaelZ73wyqy8/IKF86c/ObT3p1/88OMvG43zz3zv86GDeiyY98aZc1foZ+Q/xiuT34+Kjv9q8ey5MybQzPz89GMePnb2l3V/0cpfHTeK4u6O3YepfdST/el5MP1BLXynZ7d2v2/YvnX7gU8XvPXHmiXDh/bx9fFgj4vdBy8m3s6i9NuzUziDu2jbojGdx/l795mCQnlwo9Je8TS95/Cljf+cuJ2R265lYxtrWcUWVnIZMJV8XZ3s6Ffd1dmOvzbe14sLY5R7B/eKkErEB09cS0zOpL+F5mF+FbdOW2zs705f9pPno+7ZPaRBO3r8XKceozr3HL1h0w6+5evvVnfv+1yXXk9fj4yml6lpmX0HvdB74PMz5nxW6SL0x/viqzN6D3ph+KiJ9O2udJFy66y4CAAAAADcr5pUgPnoWDFACoX/xWnBnY3iCqNkVZSYlPr50p/4aX8/T0dHu2mTnj9y7Ozr0z9KSLxN6TcsJJDeahzox0r6Sxu7QKvVmg/mvt69S1v+paOD3bixT1JqpapWk0C/vQdPjHv+SeNWMjKy6dnZqZKbM235Z3+XjhFvTeVStKeHy4Bhr54+e4VqrfTS2spi/pwpVHUpKCimvP38s08MG9KLksaq1Zsol/br05lfw0vPP9m3VyeaiI1PXvPbFioRHz1xniL3Lys/4Sux5y/e2LxlH9W0+fmHDenNd10+fe7K31v30UTK7fRzF669PW2co4M9PSJahR04dNo4/9tTx/Xs3p4mft+4fe+BE6NGDIhoydVCvTzd2kRwsZBytVKpOnHq4nNPD3nhuWHssVP2d8zETRjbt2IjRdOwJt5anc5MKjE20imDru1C1Rqdxb/9liu2kPAQ3/CSC4lZyWBa08YPLrtmqg+PG91TpdJIpWLjd59K8WWr8UKhYFCvCLVGK6avilDQpkUge0xt3rKbP8G3cdOOp54cQBMbNm1nXC9x5T87DoYGBx46cjojM4da/tlx4P3Zr1tZWpRbhE7DnTl7hV7GxCWev3C1W5e2FRcpt86KizAAAAAAuE81CcBWltwFgXxRl5Jt/+4t+faWTf35CXcXe3rw0ympXOB0sLv3gFWU5ahse8eHE4tenzDmtSnzqPA77vnhVSzbPDzYOE3h8IuvflZrNJQ5b6dm+Pt5lZ2TiqJ0+J6YdLvcGorlCpp59IgB/Ev+IuTIm7F8AHZ3c+H7HPIXQ4aWRHFaj52tjUKpMq7EzbW072JoEBd3KYTfvBVPP0Vwk9I/GSpZ79l/zDjudHhYae9rJwc7+gA0cTM6gZ5/XvPXuvXb+LfcS/pRl87ftAk/QWcH5PJKrrF8ccyTxcWKVWs2f/fD78+NHjzzrVck4ge61XP90adb8yK58uK1OJFQ0KVdKIO7oF/Uiv1j6Zew3Emoii3VYWYmuec8VChmjzuNWsNPqCtM8G/R/ue/mTXaiouoNWrjDOq7LFJhneUXAQAAAID7VZN6mquTLR0HR5a5D8rdUC3oRnQyBWZ725qM2EwHeV98tYoKv0qVavnK36uYkypO/ERefuGc+V926RRx/tif61YtdnVxKjenTGYe4O+17+BJZZngyrhkK6OSS0ZmNv8yLZ270NHFybF0/XdGBdFd6pDpJUuRjKxsCiGeHq5uro5U9snNLShdbVqmk6O9sYxJH6bcGqj0zUo6eB/Zu5Z//LF6ifFdc3NzViXa6NRJY4/tW0drWLV688bNu9jjgv7Mn+jb1sXR9tyV2LOXohnAo9OnV2mnjz69O5dtoa92zx7cKbPOHSL4b3fbNs34i37LNc5ZHgAAEABJREFULdIowDfAn7tzFZ3MatUirIpFjOusuAgAAAAA3K8adoH283KJiknRaHWSKotIkdEper2hRahfdYbszc0vOHT0DD/t7+tFxdLFS1clJKX+s2n5/oMnP/l8ZdfObVo0C/bydKUZdu877uTkYGUhq/DZuGexWEyZc/f+YzeiYvhOwmW9N3PS+ElzXps6/+mRA7w83ZOSU52d7NtEhA8b2psSY5dOran8u2jpT5SHe3Zvx+4HlV6bhnEXYa5etyWiZVOpVNKvd+fPv/r5g/998/qE56gavGP3kRfHVlXK9vPxbBLot2r1JlcXR/phE5NSdTpd61ZN7zY/HTE72NseO3lhUP9uEonkemS0o72dv78XLULHzY/ZUMkSiWj4gHbrtxy7cC2udfPHtnst1H9DBvUMDPRVKpQtmpd2Rpg3e8rQgT2dnOz9/biMSkl165/fx8cnt2wRWukiErF43c9LLl+JCg4KoEBb6SLl1llxEQAAAAC4XzXsrFhUrDCTSqpOv/HJmUdP36CaZFj1hsOJjIp9acIcfvrtaeNaNg/98ZeNc2dOpEz44pjhFB3fnPnJtk3LG/l79+3V6buVv9GjXJdpVjKU9ITxo1f+vIGibPu2zadMGHP81IVy81B9eMmn767+bcubMz9VazQWMvOP579B7TOmj5fLFa+/+RHVbH29Pb77an6llwpXoUvHiFcmv1dYJG8a2viLT2Yy7lpi1++Wzpv7wdIBw16lP7Anh/WZNmls1StZ8+Nn02d9Qh+DCuCUb+fPnlxFACavjR/96Rc/dO07ltZM2XvZinV6vZ5K1pS9Bw/ozh4vMnPp6KGdVOj/CY9aSNAd46vTN65N62ZlW9zdnMuO51xxEWtry04dW1WxSMV1VlwEAAAAAO6LgCITu09cyvp5h4erw4iB7SudQW8wnLkYfeJcFJUgh/Vv6+PpzGpbQUGRQCi0trKo9F2lUqVSqykMV70SmqmoSG5nZ1P2mkmNVksx+J7LlkOl5sEjJi7/an6Pru1ocRub8l2+8/ILqaRc/asu6WPk5xfa29lW534n3A9SLHd04IpCFJtpW1QWrsEVniYoKS1XUFIo5wvm3BT3xA/zVn68twesqCuUGk+X+/u9goctJaPQ0c6CAcAjkp0nr60dI32dZeb3HqegZrADBwB4eB7qDryimt0HuEin0yuV6r92nU7NyKV6qbeHU0igp6WFuVKlycopuBqVWFSspLAwpE/rh5F+ScWEWZa5uVnZO2fejZmZlB7lGiVi8f2m37Iodlb62crdi/ie6GM4OdpXc+ayP4hUKnFxvr/CNQAAAAAAgCmoSQAuKOLGK87MKVBrtD4eThKJ+GbM7fikDOMM5maSiPCA5qH+/P1FAQAAAAAAAB65mgRgf2+XUYM7OtpbG++J0rtzs5S0nOzcQqr6urvYOzvaPGbDL91TYCPfI3vXOpSM3QoAAAAAAAD1UA0HwfJwu6OTrVAo8PZwpAczVRKx2MPtoXT2BgAAAAAAgFpRwwAMAAAAAAAA0LAgAAMAAAAAAIBJQAAGAAAAAAAAk4AADAAAAAAAACYBARgAAAAAAABMgpABAAAAAJTIyik8eyk6IzufAQA8jlABBgAAAKg7y1fvVqrUNCEzl3q6OfToFG4pM2P1RnpW3tEzkT2lEhdHWwYA8NhBBRgATJdIJNDq9AwAHgX69tF3kJkkiVjUsqm/laV5dHzapWtxrD4x0b8SADAZqAADgOmSmUnUaq1YJmUAUOfUGh19B5lJkkol3dqH6XT65Wt2RUandGwdnFdQvP/YlfTMPLFYFODj2iEiyEJmplJpDhy/mpSapdXqPVztB/RsZdAbyrb07dZi/ZZjLk62A3u2yskr+mvXKZFQNHZkNwETrNl0yM7Gckif1vkF8oMnrqZm5FpbyZqH+jUN8qEPcOrCrfikjC7tQncfuujqbDugR6sT56IuXY83M5P4e7syAIDHFwIwAJguK5kkK08hV2qkEpFYhB4xAHWEar+UfjUana2djJkwlVqr1xt0egNNW1qYCwSC1s0CC4sVl28kWFnK2rVsfOFaXGRMSutmjYRCYW5+kVQiPnn+ZtkWmbnUwsIsJiFNp9cn3c5SKjVqjSIru4BWmJ1b6O/jqtHqNu04WVAkD/Rzp4S898hlczNpoJ+bUqWmSPz3rtPmZhJnBxsKwxSJaf00fflGPAMAeHwhAAOA6RKJhE52siKFpkiu0ukMDADqhEgkoNovpV+RqZ54UirVf2w7np1TQEXgsCberKRT9PD+7YqKlVQKvhaVFB2XSgG4WK6ktwqLlR0jgmxtLGi6Youvp/PttBwqHSenZvv7uNDz7fQcXcnFHX5eztSeXyhvFuLbs1M4Resff9sXFZNCAZj/GCGNvbp3CKMJKj7Tc6/OzYIaeZy5GH3sbCQDAHhMIQADgEmj429bKzN6MACAuqI3GFQqjYerAxVpKZ1SS2JK5oHj16ioa2VpTuVcrU5Hje1aNsnIyqfIejP2dtsWgR0igiq2+Hg6nTgXdTs9l3Jvm+aBFH1pWqvVicUid1f7q5GJtB4nBxt6trbkzjhk5RQaP4YxCRfLVfTs7GhTMrM1AwB4fCEAAwAAANQpC5nZ2BHdyracOHezoEj+4qgeFFO//XUn30hh+JlhXaLj0w6euHrqwi0q2NrZWJZrcXO2M5OKU1KzKcS6udhrdfrrN5M0Wp23u6NIKLS0MKf1yBVcvqXITfFYVmbUA2MF3tycuxibasUOdlZUXmYAAI8vBGAAAACAR6ywWEHPuXlF56/E6v4dnf7s5RiZudTW2sLB1qqoWCkUCCu2CAQCbw+nhORMSrNUwqXaLxWEaQ0R4QG0Bi93RzMzyaXr8eZmkoSULGoJ9HWruHVPN8drUUlHT9/IySu6fD2eAQA8vsQ5BTjPBwAAAPAotW3RmIq6f+8+4+flHNzIMz0rjxoLCuUUSmlCLBa1a9nYxlpWsYWVXAZMNWEPVwcq+bo62+n1XH729XKmZ8q9g3tF7D1y+eCJa/RusxDf5mF+FbdOW4xLTL8Vl3ryfFTb5o1xDTAAPMYEBgPGfQHTlZSWS+fOBYwJhdxJdG6Ke+Jugsj9R8BPlN4T0ThRMwqlxtMFF1YBADwUKRmFMvOHdVOlutmBU9lWq9OZSe/4Kaiiq9boLMr0W67YUh0qlUYqFVf9D5laoxVTHVmIOwEDQJ16qDvwitAFGgAAAODRo+xZcVhsqvTSo+qW6jCrxi2XpRIcFgLA4w97OgAAAAAAADAJCMAAAAAAAABgEhCAAQAAAAAAwCQgAAMAAAAAAIBJQAAGAAAAAAAAk4AADAD/Z+8+4KMo8z+OP9mSZNN7L4TeQRDpXZog9nZiQRSwYe9iPfHs5c7Dzt3h/9QTQVGUIk060juhpZCQ3uvW/2+zIcYkhCRAJOzn/drXMDv7zOwkZ+bmO7+Z5wEAAACcAgEYAAAAAOAUCMAAAAAAAKdAAAYAAAAAOAUCMAAAAADAKRCAAQAAmo/FYi0uNZWUmywWmwKAFkWrdfFw03sa9FqtRrVMBGAAAIBmIuk3K79Ur9V4ebjpWuzpIwCnZbZYjUazHMeCfA0tNANz5AWcy679iTv2JsiM0WSW+cLiUgUAaC5S+5X062FwJf0CaIl0FUcwvU5bVGpSLdNZrgAXFJXarDZfHw8F4Fz6cO7SsnKji4vy8fIID/Uf1r+ru5u+ISv+tuOw2WLp2aVVWkbuinW7h1q6XNQ1TgEAmkVJuUlqvwoAWjJXvbaopNzXq0Uezc5CAD5wOGXjtvgrx17i5+M599tVJpNFquGhQX79e3eIjghUAM4NufbWqV3UifRc+RssN5qvGN2nQau5VP4bExl823XDuVwFAM3JYrFR+wXQ0slxrOX2YnBGATi/oGTR8q0Z2fk+3gbHEkm//r5e8vb4iexvf9rQsW3kiIHdpEauAJxtrq56+fuScu7HXyxLTc9xLNyy68ju/YlFJWXhIf5dO8Z0bBMpC3Pyipas2i7TtnHhEpvNZossTErJ/GXtrou7t+3eKdax4v5Dx4tLyuW61fAB3TwMruXlppXr9ySfyDKbrRGh/uNG9OJvGQAAAC1a009n0zLyvv15g82qRg7q3qVDtMalsq4UFOA9fmRvo8m8av2efYeOK5saO/wiBeAcsFitx1Oz5c8t0N/bsUQuyMVEBvn7ee3al7h87a62sWE6nXbJ6h3pWfmRYQHyZ5ubX2Rwd5WWJrOloLBUUq6qeDB47eb9vt4ecTEhUk/OKyj+y5VDtu89duBIysXd22g0GlmL9AsAAICWrolntHLq/NOKrS7K5aarBgX4edVuIOfKo4f2dNG47D2Y3K51eJvYsAZuubzcmF9QFBToJ+fc8vazf8/LyS147ME7FFBBIl9RcZlENeX0ikvK/v75TzLj5qobPqCrY2HPLnFWqy0rpyAnt2jPwaTElMzwkID0zDx/X8/rJgyw2Wwf/Gtx7U3FH02V6Q0TB0nhVy5m7Y1PlsQr25eFhcVlA3p34E5pAAAAXACaGIC37DxcUFQ6ekiPOtNvlWH9uh4+dmLb7qMNCcBbtu156dV/Hog/arFYPQzu0++88d5pf/lt656U1PQzCcCHjiTq9bpWMZEKLZ/ZbJm3aENGVv79d1zmcvKmA6clpd1ObSN3H0iKiQyOCq983v6nFduOJaXb7KVgrbL/xqwlpfYcGxzoK1P5pQX4exUW1ez5OTu3UKKvvGReorJMJUL3vai9/KoPHkmReHxJz7b9e3dQTkB+WPmpM7MLMnPy5W1wgG9woE9IkG/71hEKAAAALVwTA7AUiLy9DJ3bR9ffTK/Xto4JjT92wmZT9aeVNeu2Tp7+9PChfR9/aIqfn8/+A0ciIxtaNK7fsy+8O3J4/6l3XK/QwsmVkQWLN6Vl5l3UNY70q+yFX/3IQd3lV7Frf+LRpHT5W0s8nin5rXun2GH9u27ecWjjtnhp5u5mj7X5BcWOtWqnX+FhcMvLL5bqulajKSoplyUGd1cvT/ebrhx8OCFt1YY9m7Yf6tQuys/HU124jEbzwmW/Bfl7u7rqu3SIDvTvrCouDWTlFKam5ew5kHT56D56nVYBAACgxWpKAM7JKyoqLrukZ7s6Pz1+IvubH9dXvZWWklty8gqrnlGs0wuz/tG+bezHf3/REWy6dv5943q9ftYbH89bsMTDw/2KCSMffWCytCksLH7q+Xe2bt9jNJoG9LtIysVdOrWVxuOvmf7w/bcvWrx66fJ177z25A8/rdyyfe+hI0n/9/WPkoGvu3rM83/9x6bNOzOzctq0jp714sOdO7ZRaAmsNtv3SzanpOVIuhvar4vCSQMv7hh/9MTytbujrguUPzdVEeSOJKbtPZjsaODp4e7r7ZGRnb9m074yo6m0zOh4Bri6dnHhkpaXrNoRHuK/Nz5J8nBYiP+WXUekpawb4OslW9a4XMjdlialZP2w7LcxQ+vJ66MAABAASURBVHtGhv+h73r5VURHBMlMcmrWR3OXXDm2b1Q4ndsDAAC0VE05o5VKkUzrDLRSa5LTa0kpVa/8whJlf7K3voGSc3LzExJTLhsztM6y3s7dB3Jy8/7+1jMD+1304adfrV2/TRZ6e3v27N7xH2/PnPPRrCPHkt//51xH45TU9MefeaOsrOz5p+7p3rXD9VePlYUTxg19c9ZjI4b2/eqbnyQSv/bXR/73xTtXTRwVG8M9jS3G0lU7klKzJP2OGNhNoRo3N/2gSzoWl5RJvm0dGxoc6HPgSMova3b27t7a8fck05GDu0u5eOvuo5Jj42JCa2/k4h5tpOZ5OOHE6o17vTzcJ1zaW0qdBYUly37dOW/RhtSM3L4Xtavq7P3CI5XzrbsP33HjyMhTh1uJwVNuulTq6hKVFQAAAFqmplSAbco+6JNU5Gp/NP2W0arxMjKyZRocFFDnp54ehldfeliv03Xs0Hred0v3HTgyeGBvWX7n7dcWFBSlZ2b36tH5f/N/ljqztmJgvdiYyH+++7xjXR9v+x2bUZFhfXrbU5PJZCorK9+wacfNN15+281XKrQ0jq7RoP74t9a1Q4y8HPM3XzWkrNzo6qrXuLj07BLnWBgTETRt0hij0SRpuWqtNrFhD945wTGv02pHDe4xclB3k8ni5lp5WJBrDUP6djaaLI5ngy9UUjD/8Zctkn4b0njc8F6ffvnL3beM0XEvNAAAQAvUlDjh42XvDzY7t7AhjcuN5vyCkvrbSCVWar9Jyal1fhoRHiLpV2YCA/xkajQZZbptx76xV9zVd+gNT858a+NvOyX92k4G8u5d25/qi26fdPWMuyfN+WLBoEtv/utrs01ms0ILMWpoj6jwwB17j0mdU6Fe7m6umlo3U8iC6um3TrJWVfp1kJh3YadfsbDizueGt5fGskoDG1ut1sysHNUkcoD6et7PcplPAQAA4CxpSgAOCvDx9HDfH59stdrqbymZ9Jsf1323ZHP9zQwG99ZxUctXbZTybO1P9XWNPjrz5felnLV9w/xv//v+sMF9qn9UT2VGSsQz7rll3fL/PnDvrXPmLpi3YIlCC6HVaK4YfUlIoO/W3Ue37DysgLMh/mhqUIB3ZGMe642OCPL39Tp07ET9zQ7GH5t633O9B13bb9iNgy+9+cnn3i4uKT3txn/bursq8R49dvzpF97ZtGWXOmMJiSmXX3t3p17jFQD8GY4kpuVxOQ/A+aEpAVhKSd06xhSXlu/an1h/ywOHj2flFHbtGKNOZ+YT9xxNSJ4244Wfl/66e++hn5b8KieC9bR3US7u7q4FhcXrN27/7oflp2om0TrA33fdxu0pqekZmTmr1mzevSdeajIX9+qq0WjoSbhl0eu1V43r6+fjuX3vMQWcDRlZ+W6u+sauJXXyjOz8ehokJqfeeteTqScyX3z2/h/mzX54xuSVqzdNu+95uWxXz1pFxSW3TX0qISnF8bZDu1Zrfvm/S4f3V2dm4aIVE6+7J59TT6AlO3j4+E/Lt8hr6apt6zbvTzqeqVqUrTsPn0jPVQBwHmjiMEg9OrfauS9hzeZ9MZFBpxoKODO7YPm63b4+Hj07tzrtBgcP7P3Oa0/N/XLhw0+8ZjSZPAzur7zwYD3tZ9wz6ZEnX+s//MaoyLAnHr5Tqiunajltyg2vvf3pkNG3PHDPLTab7R8f/VcCsFSJx1w6aMK4YQotisHd9YaJA8vrTRFAw2VkF3TtEN3YtQL9ffbFJ9fT4KPPvpZ673cfvBQeFixvO3dsU1pWPvOl91as3jh21OB5C5Z8M3/xjdeNf+v9OSUlZZeNGTLzybuzc/Lufejl8nLjtPufd3V1nf2eTPVT7n521gsPDuzfS45d737wn6W/rMvMyunVs/MzT0yPjbb34ffsi+/5+/sUFZV89+PysJCgKy4fOX3KDTV2Zv2mHX99/oFDRxI//dc8BaBlys0vLikp79E1rqS0PCU1a9+hpM7tYwb26aQAAI3UxAAsOWTc8Ivm/7zpq+/XjhzUvUObmt0pH05IW/brDpm5YvQljr6pTmv82KHykvM/OZnz8/NxrPXh+y9Ub3Nkz1LHzOiRA3ds/C4vryAgwFcKuddV9PYsdmxYUGOzd95+7S03TZTSiuMR4rvvuikvv1DKwvRh00LJf3u1R/EBmiYrJ98x3m+jBAV4Z+bUVwHet/9wx/ZxjvTrMKCf/THjPfsOSwAuLCrZsn2vXq9/9cWH16zf+tm/54WGBt5+81XjRg/etefgA/fe2iYuOiY6PPn4ieMpaaUVD4a8+d6cOXPnT7ntml49u8z+5MtJkx/7cf6Hvj7eWdm5X36zaPjQvm/OenzpL2vfeOcz2YgjG1f520sPy1Q+UgBaMg8Pt3Zx9r/uHp3jtuw8tGXn4Yu7tz1t5w4AgBqaGIBFTGTwFWMuWbxy288rt8lRuGvHmEB/b6vNdjw1+3DCiZy8IkkpEy7tdar68Km4ubnKqyEtJSEHBvo1pGX1bUpRJSQ4QAHAOZOQlDqof+/qS1rFRHp5eiSevL1ZPPXY1C6d2g4e2PvXtb9Jaff+6ZPatW2lKsrF3bt2qLHBhYtWDB7Q+5EZk2U+MiJk3JVTN2/ZPWrEAGV/JsXlndee8vby6Nm947zvli5fueGOW69RAC5o7eMi5dSroKgk2M03N7/ot+3x6dn5ymqLjAjq1jE2ONBX2TsrLdi5L+FERk5ZmdHP26tv7w5R4YHlRtOWHYdT03PyC4olUXftGNutY6t5P67tf3EnxyDnspac2vXr3bFNbJi8LSgo+XH5b9dcNkCSdlpGzo69x9Iy8uwDpEcG972ovUZjf5RsX3xySWlZgL/Ppq0HC4tLbrl2hJwBZuUWrNu8Xy4yGtzdenaOa2AtBACaQdMDsIiLDpl0zdAdexP2HkxauX7P7xvVabt2iBnYpyOVOgDns6AA3+zcQjmZa9RaWTkFjvPLUwkPDT6e8odesgoLi4uKS8JCf68Jh4UGOWY6dWyzYdOOerZWXFKaeiLjhmvGOd7GRIXL9ED8UUcAbhUb6V3RM7/jJpeGdLUFoKXLL7SPr+HlaR+e3VWvax0bNqR/V5nftC1ewvBll9o7B/3l152xUSHXjh+o0WgyMvN9fewHis3b4/MKiseN6C3Hvdz8QqvV5uKivL0MScczHQH4SEK6FDOOHEt1BODkE1muOp2kXznuSTDu37vj8IE97D2wbDmwfO3OUUPs97YYjcbDx9IMaTnDB3XzNLjLuV95uemHJZs6tY8dO7yX2WyRxrl5dEMA4HxxRgFYeHsaBl/SaVCfTnLJsKy88snMsGA/bjAGcP4LCfTJyimMjghq1FqySkhQfQG4V8/O8xcuO3osuXVc5QPGi5etkenFF3WpapOeke2IrJmZObHR4fVszdPDINXjjMxsx9u09Cz7ngdV9lwt1RUFwAkYTRb7uVaZKSe/cOvOw907tXKUGTw93NvGVT740K1T7Dc/rDOazJKKJdy6u+sd/fxFhlfe+yYL9TqtweAqxdtAfx/HwuiIYKlkOOaPJaX16tpmw5YDZotFp9UeT82KirRfudsXnxTg792hbZTMyxXAkYN6fPHtSikC+3jbc7UUfi8fc4nnyYuJB44eN1usfXq21Wo0sgMX92h7JOGEAoDzw9m5I0UuHwYF+Mi1Q8eL9AugRQgJ8mtCn2qySmi9Afi+6TfLiePU+5//et7PW7bv/eiz/70w64Oe3TuOvnRgVZu33puz/+CReQuWbNi8Y0C/i2RJVGSoTJcuX5+alllj+N8rJ1767ffLlq1YfzD+2F9f/1Dy8IhhfRUAZ5KVnb9k1faN2w6eSM8d3K/rgJM9YNkLtolpElmX/bpDaq02m81oNMvyIf267NqX8O2i9fsPJUuadTTu1a1NSUn5fxes3rLzUHFp5diTMRHBOXmFJaXluflFRSWlHdtGSU04OTVLNpWSlh0bab9EmJGVHxn2+4hxXp7uErwzT/aHH+Dr7VntVpr8gpLQYD9Jv463/r5eNQaZB4A/EccjAM6rfevw3QcS5Tyv4UXgpJTM/MKStq3qq9mGhwUv/OafM196/8VXPygvN/r5el8xYcQzj0+vPvSaFIcnXnevnCBeNmbIvdNuliVt4qJHjxw4+5Mv5fXF56/LWlWNH39oSklJ6X0Pv2w2W2KjI2a//0JwEH0ZAM4lIizgspEX11hosVp/WLrZZlM9usS18zLIW6nZOj6KDA+8+ZphRxLS9uxP2LLz8GUje0vJV5Lt1eMHpJzI2Xsw4b/zVw0f0E2qx97eBj8fz5QT2QVFJbFRoVqtplVMaEJSukdFhTk02F+mZrO1xqBxLhoXk6kyV+v0f6h8WK1WV90fzjD1rnTWBeB8QQAG4NQmju7z0dwlU266tIHtl6zece9t407bLK5VlIRYOQt0dDtfu8GMuyc9MuN2Kd14GNwdSzQazez3npfar4tG43ist6rfe08PwxuvPDbrxYckBvv6/B6MT9VPfm2PPTRFXgrAhSUzKz8tI/emq4ZICVbeHj6WWv1TucTWvnWEvKQ4LNXg4QO7O5ZHhgfIa+/BpE3b4x23T8dEBqekZ+fmFvXo2lpVdPLy84qtPt4eUvV19HQV4OeZnVtYteWyclNRUam/n2ede+Xj5XEsMV1iueOin7SUlwKA8wOd8gFwanqd9sqxfX9eua0hjX9ese2ay/o1vDtTybR1pl8Hd3e3qvRbxcfHy5F+69pVXfX0CwAeFb0AFBTY42VWbsGek4/yiqTjmXKJTdmf2jAXl5Z7eNiPNqlpOUaT/QZpqRUXFJZUHYKiI4JT0rJz84tiKm54Dgnyk8PXwSMp0ZGVXfd17xJ38PDxhOMZNputtMy4ev3usBB/R3G4tnZxESazefP2+PJyk3zL5p2Hqt//AgB/LirAAJydo+/TT7/8ZczQnqe6FzopJVNqv5J+qz8FBwB/Lh8fj55dWv+8Yourq06uzQ3t333NpspROSR/Ll651eDhVlZqlAJvj86tVEUfVz8u22wwuJWVG/19vIYP6uZoHBEWYG8WFSJbcSyJiwndezAx5uQhMSzYf+SQnms27l1hMlss1qiIoFFDLzrVXnl7GeTTNRv37Np/TFXcni0lZQUA5wcXW8XVQcA5JaflulRcl5ZL3S6OOfvEfqHa/o+LY6byuvUZXsAuLTNFhlC+O3+ZzZaFy37z8/F0c9UHBfgEBdj/x8rKKcjKKSw3mvILSyaO6nNWhrIsLinNLygKDw2iJAKcRSkZhQb3c/Wg6Vk8gMt+Bvp5qLNKEqkEWinn1jioSLHXaDRJ7VdT7QNpXFpW7u7m2rQuS0tKjW5uuqoOrupXXCJfpGcQYOCClJ1XchYPjOfuAF4bFWAAsJNzwavH9Tt0LDUjq2BffHJmjr130+BA35BA35jIoPp7vWoUTw+DvBQAnCWSMD093Gsvd9Xr5FW7sWMA4abxMLg2vLGnB+O0ATj6i7cdAAAQAElEQVTvEIAB4Hft4iLanRxREwAAABcYAjAAAAAAwCkQgAEAAAAAToEADAAAAABwCgRgAAAAAIBTIAADAAAAAJwCARgAAAAA4BQIwAAAAAAAp6DLKShTAAAAOPe0WhezxarTahQAtFhyHJOjmWqZdAE+7gpwVsUlpQoAgOZicNMbjWadwVUBQItlNFnkaKZaJi5AAgAANBMvg95ktpaUmaR+ogCgpZFjlxzBTCaLHM1Uy8QzwAAAAM1Eq9UE+RmKSk1FJeUWi00BQIui1bpI7dfXz6BtsY9yEIABAACaj5w1+nq5yUsBAJodARgAAAAA4BQIwAAAAAAAp0AABgAAAAA4BQIwAPzuly1qf5KKP67ik+1v20er9lGqU6y6tLcCAABAS0cABgC74jL16GzVMUb5eqqbRtijr5AYLGF4zzG1YI166x7lzsidAAAALRkBGADU5v329Pvm3eqSTn9YHuSrBnS1z2zcp0Y+rN6foXq3VwAAAGihCMAAnJ2k3y9XqF/fr69Nv85q3T/Ug/9QyqZ6d1AAAABoiQjAAJya487n6ul30Ua1aofafdQ+3621GtZTje9X+dG796mB96nlb3MvNAAAQIukUQDgxBx3PjucyFb3vaeen6NWbldZ+faXzMhbWSgfOUhjWaWBrFZrZlaOahKT2fz1vJ8LCorUGZPdSM/ItlisCgAAwLkRgAE4r2Vb7L1eVT33++xn9md9a5OFMz+vnO/fRbWJUCu2179hdTD+2NT7nus96Np+w24cfOnNTz73dnFJqTqd37burkq8R48df/qFdzZt2aXOgNFoeuPdz3sNuHrAiJt69Lty1hsfSxhWAAAAzooADMB5HUiy9/nssHC92nnklC13HLY3cPDxVAcSVT0Sk1NvvevJ1BOZLz57/w/zZj88Y/LK1Zum3fe8xNF61ioqLrlt6lMJSSmOtx3atVrzy/9dOry/OgP5BYXbd+57+rFpsht33Hr1Z/+et3T5OgUAAOCseAYYgPOKP24f8chh6W+naSwNJg6wz0jR+OsV9bX86LOvpd773QcvhYcFy9vOHduUlpXPfOm9Fas3jh01eN6CJd/MX3zjdePfen9OSUnZZWOGzHzy7uycvHsferm83Djt/uddXV1nvydT/ZS7n531woMD+/ey2WzvfvCfpb+sy8zK6dWz8zNPTI+NjpAtP/vie/7+PkVFJd/9uDwsJOiKy0dOn3JD9T0JDgr475w3HfOxMREffPTfhMQUBQAA4KyaHoBT0nKSU7Mc83qdtmO7KE+Dm7IXMcoOHkkxmS2Oj2IigiLCAhQAnH/ikyvH+3XMn7axQ4dodbDexvv2H+7YPs6Rfh0G9Osp0z37DksALiwq2bJ9r16vf/XFh9es3ypV2dDQwNtvvmrc6MG79hx84N5b28RFx0SHJx8/cTwlTZKzrPjme3PmzJ0/5bZrevXsMvuTLydNfuzH+R/6+nhnZed++c2i4UP7vjnr8aW/rH3jnc9kI45sXNuadVtk2rdPj/p2HQAA4ILWxACcnJr97U8bqi/Zuvvo1JtHyczc+avLy3+/zW/jtvjrJgyIJAMDcBoJSamD+veuvqRVTKSXp0di0u/V16cem9qlU9vBA3v/uvY3Ke3eP31Su7atVEW5uHvXmuMsLVy0YvCA3o/MmCzzkREh466cunnL7lEj7PVoFxeXd157ytvLo2f3jvO+W7p85YY7br2mjl1KTJn50vs3XTf+oh6dFAAAgLNqYgBOTbf3azp6aE8fL4PM7I1P3n/oeG5+sVI2Sb+d2kV1qaiqFBSVLl294/iJbAIwgPOQHKikrhvkWzlfZw9Y1Rs7HExSHWLqaxkeGnw85UT1JYWFxUXFJWGhv9eEw0KDHDOdOrbZsGlHPVsrLilNPZFxwzXjHG9josJleiD+qCMAt4qNlPQrM4EBfo7GtbeQfDxt0pTHL7m4+wvP3KcAAACcWBM7wbLZbDINC/aLCg+Ul6+3h2Oh1WpfLm8dy0Mrzisdjc+iJ597e8HCXxq+vFGysnONJpPC+cpiteYXlijgbGgfZX8M2OHaoadpXNXgQLLqGF1fy149Ox88lHD02O/3SS9etkamF1/UpWpJekblwEqZmTmx0eH1bM3TwyDV44zMyvZp6fZnT0KCAh1vDe5uql6Jyak33f5In15d33vjaZ1OqwAAAJzYedEJ1vhrph84eLTGwuWL5khlo872cirp5eVx1cRL61juaai9vIFkH+558CU5WdTrdPffPeneaX+p3cZoNHXqNd4xHxMd3qNbxyvGjxg+tG/9Wz50JFGv17WKiVQ4M2azZd6iDRlZ+fffcZmLi4sCzkynWLXnWOX8sJ6qX+dTFoGH9rA3cCgoVj3b1rfZ+6bfvHDRiqn3P3/X7de1aROzddve92fP7dm94+hLB1a1eeu9OY8+OHnvvsMbNu+YcfckWRIVGSrTpcvXBwUFeHkYqm/wyomXzluwZPDAi6X8+8Z7n0seHjHsNIcdB3v6ve0Rby/Py8YOXb3W3s2XweA+oG9PBQAA4JSaGIAdZYQde495VHR85egNS6/TOmq9VZ1jlZSWVzWuxyvPP1hcXJKXXzjj0VduvvHyMSPt54ihIYGqeb37wX/cDW6rl/znq3k/y/ytf7nC29uzzpbXXjXm6omjjqem/bp2y133PffMY9Mm33p1PVt+9oV3Rw7vP/WO6xXOgMViXbB4U1pm3kVd40i/OCsu7a0WrLGHXom+4tEb1E0vK5O5ZjM5zj1+U+X8ut3qWJp66Lr6NhseFrzwm3/OfOn9F1/9oLzc6OfrfcWEEc88Pr36f7et46InXnevVqO5bMyQe6fdLEvaxEWPHjlw9idfyuuLz1+XtaoaP/7QlJKS0vseflmuAcVGR8x+/4XgoAY9VyLHKCk1y2v6jBccS6KjwlYt/o8C8OfZtufY7v2JuflFDWzv7+vVrVNsr65xCgBwxpoYgFvHhG7cFr9r/+9DYUaGBXhXPA8cHuKfkpYjL8dyScVtYsPq35oURlTFvccyjYuNGti/l2P53v2HZ73x0f4DR6XeO2xwn4dnTK46IywrLb/nwRc3bN4ZER7y/FP3XHJx9xrblPLLv7747lji8a6d28188u72Fb3LfDLnmx9/XnX4aFJYSNCMeyZdMWFk9VWkSCunp+FhIQWFRbJZr4rH6uokhZq+fbr3Vd2vuWK0p6fhr69/ePWVo3x9vOvcYUn1W7bvPXQk6f++/lEy8M03TPjhp5Ufffa/xKSUuFZRcr4rxSKF07HabN8v2Sz/XXXvFDu0XxcFnCVv3aNGPqzW/cM+3ypMbfhALdqoVu1QuyvuSunW2l74Hd/v9/aPzFZr3j/9ZuWvW0Ks1WqVS3sB/r61G0jV95EZt8t/2B4Gd8cSjUYz+73nCwqKXDQax2O9R/YsdXzk6WF445XHZr34kMRgOdRUbeTD91+ovs2q9lVuuWmivBSA84ak36TjGaMGd/f382rgKrl5RZt3HFY2Wy85JAEAzkwTA3CAn9f0SaOlFud4K9HR8bivuGHiQFluPjkMUliIn07bxKfOwkKDRg7rJ2WT7Oy8qfc/J9m4qtD6zYLFzz5x98TxI979x3+mz3hx9dK53tXy6q/rtjz85GsP3XfbpSMGfPjJl5OmPP7rkrkJiSl/e+uTl597oE/vrvsPHm3bumYnNvffPemqG+8fNeGOwqLiv7/1bANrjBPGDvt63s9bt+0dMaxfnTt8/dVjFy1ePWHc0MsvGx4Vab8WIOn6rsnXdu7UdtWvm2WXZMXOHdso1Gvpqh1JqVmSfkcM7KaAs8fdVb0/Qz34D/Xuyf6hJO5WT7zVzfi7mv2QXNdTDSSZts70W/nVdT2+6+NzynNivU5XPf0CaIl2708YNbhHw9OvkMaX9Gy7bM0uAjAAnLkmdoJld+p4eLZuTw0M8Jt8y9XBQf7ykhLuL6t+H3hp6KA+UtYYO2qwlE/zCwo3/baz+oo//rRKVpFPJXtL7JQ4untvvGNo4g2btsvuTbxseO3MuXDRSqPRlHoiY/DAiy+52J6yXn3z47f//q/6dzKmoveaxKTUU+1w74pubyT69undzTEuqCwZP3aYwd2tX58eWq3ml5UbFBpG4oQCzrbe7dUto9TA+9SGvadss2636nePmjxWXdROAUCT5eYXNyr9OsgqDb9lGgBQjyZWgHPyir78bo3pZJlXRIUHXju+v8x8+f3a9JOVYVVxC/Rfrhri7+upGu+reT+9/f6/jCaThFXJpXGtoqo+qnpC2JFjM7Nyqq8YfyQhv6Do9qlPOt5GhAVn5+RJHn7/zWdkg2Mm3jls8CV/e/nh6g/Rff/j8tmffPnGK4+FhwdPvfe5R56yPXDPLZ//Z/4zj0+rfydTUjNk2qVz2/p3uIrFYn3pb//837c/S1pu0zrGarWZ6HS6AUYN7VFUUrZj7zGtxmVw384KOKt6d1DL31aPzlYb9ik5XHWMUR0q+nk+mGTv87mg2P7c75r3G1H7rcf114wdM2pQPQ9ZAAAA4Bxp4tnc0aR0Sb/dO8VWdYJ1/ER2UXGZxDlJv5FhAdER9iEuS0rLd+1PPJqY1rt7o2/xzcsvfOaFd6+8fKSEUqn7Tbjm7uqfxh9OPDmTINPY6Ijqn8bFRmVkZK9eOrdGwXD82KHjRg9etmLDk8+99crrH737+lNVH23buV9T0RuNu7vbvz/52x3Tn16xaqNUd2+6bnz9+zln7ny9Tte9a4f6d7jK8lUbvvhy4awXHrrh2nG5eQWXDKFnrAbRajRXjL7kmx/Xb9191ODuenGPtgo4q9xd1T8eUCu2qQNJ6usV6mDFGEYdYuwjHknVt/5erxrF08Pg+cdOngHgrCsvN0oxICjQz3Eu9Nm/5+XkFjz24B2qqVav/W3+98tee/kR99ONvgYA57MmBmDHI749u8QFnLyNJyUtx2gyO4b8lfTbr1d7mcnOLZQAXL1Q3HCO26h1Ol1ubsHSFev2HzzSu9oQmrv2HPz8P9927dzuo8/+5+3t6SjAVhk9csDCRStef+ezm64fr3HRbN6666rLLz0QfywnJ69rl/ZSng3w861xl3a3Lu2tVuvLf5t93dVjM7Nyw0KDDx1J7NihtSysvW+JSanyfwNS4124aOWOXfvff+sZ+T+DcqOxzh02GNwD/H3Xbdwu8Vuv1zvuD7cpW2pa5j8/+m+d20ed9HrtVeP6fr1w3fa9xwjAOEdG9LK/AKDl2rJtz0uv/vNA/FGLxephcJ9+5433TvvLb1v3pKSmn0kAPnrs+I8/r/rr8w+6q/MLg00CaJTzYhzgOvn6eE+fcsMn//pm3oIl/S7pcf/0Ses3ba/6VD76et7Prxz9KCIs+L03nq7RMcy40UNemjnjw0+/+mTON/K2fdtWEoAzMrPvf/ivJaVlskSS8/0VA29WuXripUeOJn35vx+/mveTTqcdNWLgE4/c9fgzb0ye/syn/3zZV3Si6QAAEABJREFUy/MPNysuWPjLDz+tbNemVdcu7R55YPLFFUG3nh2eNuWG197+dMjoWx6455a7Jl83sH8vqRXLFdlJN14+clg/hQaT2u8NEweWG7lpHACAOqxZt3Xy9KeHD+37+ENT/Px89h84EhkZpi5oDDYJoFFcHDXbxtq0/dCGrQdHD+3pUzH00d745P2Hjt923XApbf77m1Wd2kV1aW9/fq6gqHTp6h39e3fo29R+Y8rKyqWyeqqOTwsKiurpMVXZRw4okIuCVfFVLoXm5uV7ehgMhlNevszOzvPx9dLrmnhp4FQ7LEuLiksCA/yq9lx2rJ7dQPNITst1qSjKy/UIF8ecfWKv0tv/cXHMVN4ucIa9u5WWmSJD6MIXAM6JlIxCg7tenRtn8QD+7qc/Tps0WjXeR18sffDOCadtNnL8ZDdX/aL5H9X4/6zpM17IyMy5uFdXuUzv4eF+xYSRjz4w2dGmzpEjCwuLn3/lH79t2ZVfUNT7oi5zPpo1Z+6Cv742e8fG77y9PKQS8P7sua88/+CAfhdVfcWzL74nkTsnN2/Rz6v9/X3unfqXoED/V9/6WDY1auTApx65y3Has2ffoTff+3zn7oOxMRFTJ19/2ZghNX4EqTHM/XJh/KFjnTq2lVg7fMglsvBfXyyQHVi1+N+Ofb7z3pkhwQGzXnhoxqOvLFq8Ws67vL09HYNNKgAtzTk9gNfWxJgXEWrvPkrCbdUSD4Oro6crdze9hGF5VX0UGRagmsrd3a2eR03qT7/K3muiT/W3Wq1GjsX1rxIY6KfOwKl22M3NVV5Vb0+75wAAAI2Sk5ufkJjy0H231XnFdufuA63jov7+1jOSeD/89Kt+fXoMHti7zpEj5UzmtqlPpaVnPvXoVF9f77z8wurbWbxszRMz33zhmfurp1+RlZ375TeL/nL9+A///sLsT7568rm341pF3Tft5uMpae/8498D+140ZtSg9IzsydOe7ndJj//OeWPt+m0PPj4rMiKkR7eOVRtZtWbzQ0/87fLLht877S8/L11zzwMv/t+cN3r17FxQWCzbqWqWnp6lqfgZaw82CQD1a2IAjo4IvG7CgOTULMdbvU7bsV1lj8eTrh564EhK1TjAMRFBEWcQgAEAANAQGRnZMq0+yEV1nh6GV196WK/TdezQet53S/cdOCIBuGrkSGkgGXLhTyt3742PjAyTtPzaXx+VJTU2sum3nQ8+9uoTD98pQbf2V0hxWIKx1BsKCorXbdh261+uuPLykTabbc7c+ZK0JQCv3bBVUvqN117mqncdMbTfPz/5UpZXD8CSZqWW+9arj2s0msEDeq9YtfGnJaslAKtTqD7YpAKABmj6M8BS162ztOvl6X5x4/t8BgAAwJmIjYmQ2m9Scmqdn0aEhzie8HI8kGU02TvvrHPkyKLiUmUfU6OObqUee+YNi9XavWuHOr8iPCxE0q+yh2373c6dO9l7rJRd8vP1KS0rl/lDFaN4PDnzLUd7Lw9DUVFJ9S3EH0ro2qmto+dqmUZGhB44eKz2F1noQxRAU52/nWABAACg4QwG99ZxUctXbbz/7km1H8jS1zWUeZ0jRx46Yo+pJ9Iya7d/9cWHvpm/ZMajr/w478PaT43pdNrqb7V/HI3S8XUy/fcnf2sdF63qEhoSmJCUUvU2LT2z3yU97VvW2rdcUFjk6+MtJWXZt6iIUAUAjadRAAAAuCDMfOKeownJ02a88PPSX3fvPfTTkl9/27q7nvajRw5Iz8h+/Z3PEpNTk4+nffv9UqvV2iYuOjws+N0P/iPrHjh4dP73y6raD+zf+41Zj0lR94HHZjVhKMeB/S/yMLjPeuOjXXsOyveu/HVzUvKJ6g2uso/Kkfzhp1/J9K3352Rk5kwcP0KWt2/XSqYfffa1LH/j3c8KCooc7asGm0xJTZfGCgBOhwAMAABwgRg8sPc7rz1VXm58+InXrrzh3ieefbPOQm4Vx8iRixavHjHu9mFjb/10zjxVce/x3E9fk6T6l8mPjb9muqTi6qtI4Hzvjac3bdklCVk1UlRkmJR/U9Myr75pxoARNz313NvFJSU19ueJh++c/clXoydOmfvlwplP3u3oBXro4D4Txg37ZM48WR5/OPGKCSOrVpk25Yb1G7cPGX3LV98sUgBwOk0cBgm4MDAMEgBcGBgGqQb7+ItFJX5+Po6Hck+rxsiRDsUlpWaz+VSjUZ4J2bLJJFv2qvP/W+XsVPZHknaN5WVl5UajqfZQGjUGmwTQsrSMYZAAAABw3qox/uJp1Rg50sHTw6DOjfq3LKm4dvpVDR5sEgDqwS3QAAAAzcTf1zM3r6ixa8kq/r5eCgBwxgjAAAAAzaRbp9jNOw81KgNL4807D3ftGKMAAGeMW6ABAACaSa+urZVNLVuzKze/oRlYar/dOsb06tZaAQDOGAEYAACg+UiUJc0CwJ+FAAwAAAAAcAoEYAD4XVFxWWm5sazcJC9ls7m7ubq76Q3url6e7goAAAAtHAEYAOxMJnNKeq7JbHHT6/R6rb+Pp32h2VxaZswvLNHlaiND/fV6jpkAAAAtGCdzAKDyCorTM/M9PFx9vP4w0Iibq15eMlNSWn40OSM0yM/Px0MBAACgZSIAA3B2kn4zcwr9/Tx1Wu2p2ngY3NxcdZk5BUrZ/CqKwwAAAGhxGAcYgFMzmSwZWfl+3h71pF8HrVYrzaRQLKsoAAAAtEC6nIIyBQBOyWazpaTneHq4a7UNuhoozTw93GSV2MggFxcX1Xg2m8rMyQ/w9dLptA1fKy0zz2S2RIcH1l5uNluiai0/laNJ6VK+DvDzqvNTq9Vmtdl02qZcGDWazAWFpUEB3goAAOA8pgvwoWtTOK/iklIFJ1ZWbrJYLD5ehoav4mFwy8krkhUN7q6nanP8RHZqeq7MaDQukq69PNzDQ/0dwbK03JiQnKnXaf19vRr+pYXyhUZT7QBcsdzY8ACck1uk1+tqB2D5iaQMXlRcJgFYfq5Af++IUP/6NyVJPr+g2M+38m7w3PzixOOZ8rZp+RkAAKB58AwwAOdVWmaUQKsaycPdVVasJwA7dGwbabVaS0qN6Zl5khXbt4lw1etk3R6dW7m5nkfH3tz8oiOJaRLI28aF63WavIKSlLRsqQZHhQfUs1ZhUcnhxLSLu7dxvA0N8rWXtUm/AADg/EYABuC8SstNWk2j72TW6rSy4mmbOQrLjluO9xxMOpGeGxsVLMk5/mhqXHSoj7ehrMx4PC2nsKjUZrNJobhtXJhWo0k+kS11WpPZ7OVpCAn0qarWurio5NTs7NxC5aLCQ/wlcNb4OrPFmpicUVBUKrsX6OcVGWaPr1KnTUnLyczJVzYVEuSrqSugymY93N3axIY6buqWPZGdTE3PCQv21em0CcczHcvlq+V3FRbsFxrsV1BYejQpQ0Lyzn0J8mn3TrFZOQXyRV07xGi1GrPZkpSaJW3kI/kxYyODNRW/5D0Hk0ODfaXaLD+yVMVlvlFlcAAAgDPH1XoAzqu0tPy0fV/VJnFOVmx4e3c3vafBrajE3uGCJNJyo2RVq8wnp+WUl5s6tIls1zrc389T0q+qKC/HRgV1bh+t12oSj2dKe4fiknJZKy46RMKqLJcMWeNbDh09UVJmbNMqLCY88ERGblpmniyUXCpR1tfbo1VUsGRjiaY11pJtlpWbfHw8qj/SLKnV/o0VP6PJZJEKtkT0NjGhUvROTMmSr5afyNvLIKu0jgmNiwlVFfFbfi7HzsYfOyHpNyLMPzoiMK+g+HBCmmOz5UZTQnKmu5tr29gwq82WlJKlAAAAmhcBGIDzslbly8ZwUS6NXdHNzbW8VtHYZrWVm8wlpeVSDg0JrKzoBvp7+3h5aFxcvL0NJrOlsLgy6EplVUKsr4+HZGB5m5NfXH1Tki2lZaC/l16ndZN06mnIq2gg5VZZUQrO/n5erStWrKG83GzfPf0f7gaS/an4qHKHdVVfXZF15atdXXV6vVYis8Rgb0/3P+6Juai4LDzET34iKV9HhAZIBq4K3h4G19jIID9fT6kkS8uSxlxHAAAAOHPcAg3AeRncXCVkNvaJXFlFVmzUKkajyVDrYeO4mJDk1KxjyRlJqVlR4QGSGCUoHklMLygqkTKpoyCsTgZt15MZVZKnvGrUckvL7GE1PSs/M7vgZHu9Y1c9DG6O4q4E49rP6Lrq7QVwyaLVF0qcrviiqm88OaOr46trKC2zZ9qqJ6sdv9vSMqN3xQ3hnh7uVZuSqcViVQAAAM2IAAzAebm56aTO2dgAbLaYJUw2vH1xSXlBUanUQmsslxDYOiY0KjwwOTU7ITlTyrYZWfn5hSXdOsYY3F1z84sOHUuralxWbrJabRqNi2Rak8ni/scdcLyNDAuoqiQ76HTaqru1JbiaawVOaeDu7ipFWllXc/Jx6Nz8YilBe50Mq0ZTZTyWsrfFbHWv92d3BHXTyZDsGDO5KkI3bewoAACAs4UADMB5ubnq8wpKPDzcGx7LJARKudXHy+O0LSXKSoWzpNSYlpnr4+0RHuJXo0FWbqGXwU2n13l6uGXnFrpU5ENJiDabTUqmaRn5f/xe+0OzQQHeUuaVt95/HLpJQqlk5vTMfL1O5+XpLqle2ksbX29DQWFJSlqOn49nRlZ+nfsZFRZwOCHt0LETwYE+Oq02J78oK6cwPMRfr698Olp+iuQT2UH+3rIFa8Vm7d/oqpdAnpdfLF/tXq1DbKn9yp7IN0oSlup1akau7I97Y64XAAAAnDsEYADOS4qukjyLi8u8PBs6InpJib3frIYMHXzwSKrUVz0NbhGh/mEh/ppaxc+s7IKjFX1ZSelVCrASI0OCfHMLivccTNZqNDGRQaXlxqrGgX5eRrN536HjWq0mKjyg9g50aht5ODFNoqxEX1k9NirIWxlCg/yk/ixxVF5hwX51/pgBfl7tW0ckp2YdSZR17Tctx0QEhVWL65Jp5afenZ4rXx0dHljZu7WvpyErP/7YCfmxep8cDMmhXVz4saQM2VVV0RW248lhAACA84GLrUl9wAAXhuS03IqSmyQQjaP4VnGPpj2o2P9xccxU5pYzvHtTyoaRId4K55mKrokz/H29dLrTdwdttlhz8wpbRYeerYF8LVar1WKrqrU6mMwWnVZT539vUozV1jvWrhzRzWZLjQ3KWrI1zekGfJKKrj08/3H7h46llRuNXTvEyM9e+xFi+S6NXd27Kn9JlU8yA+deSkahwf1c3WvAARwAzp1zegCvjVMTAE7NzVUfHOibX1RqsVjqb2k2WfLzi6Xx2Uq/QvJhjbCqKp4NPtXVlvrTr6q4cFN7g7KWpgHDHUuberavq+sjuWpwqi3Lpki/AADgfMMt0ACcXYCflwTOjOx8D4ObZ62+mh2KS8rKyk0hQb6+Pqd/+hcAAADnJwIwACh/X08vT/fU9NycvCJXvX2QWynD2pSL2Ww2mSxGk1mv18VFhzTkNukLTKvoYDwztisAABAASURBVAXg7MrKV/9aqtbuUTmFymkFeKuBXdTkMSrIVwFAMyIAA4CdJN7YyKByo6m0zFhSaswrKJGFBoOrj7eHh7urq6uTHi31zpf5gXNL0u/Ud9UpemV3IhL+f9ioNuxTHz9EBgbQnAjAAPA7N1e9vPx8PBUAnAtzlpB+f5dVoD7+ST19kwKA5nLWArDVZsvNK1Inn6ZTAAAAqGHtHoXqNu1XANCMzk4A3n0gac2mfUaTWeZd9bphA7p2bhelAAAAUF1ukUJ1/EIANK+zMEZFcUn5ynW7dTrN0H5d5KXVapav2VVWblQAAAAAAJw3zkIFOCunwGqz9egcd1HXOHlbbjRt3BafmV0YHRGoAAAAAAA4P5yFCrAkXlXx6K/jrWOmaRVgk9lcWlpms9lU4z353NsLFv6icKGzWK35hSUKAAAAABrpTAOwlH9zKvq+ys4tPH4iW15Vb+Uj1Ui3THmia5+JP/y8qiGNDx1JTEhKqXq7eNmavQcOK1zQzGbLNz+s//f/VjbtKgkAAAAAZ9b0W6CLS8rnLdqQm1/ZdcHGbfHVP5W38vL39bp2Qn9Pg1tDNpiYnPrb1t2dO7aZt2DJxMuGn7b9sy+8O3J4/6l3XK/gHCwW64LFm9Iy8y7qGkdP4wAAAAAaq+kBePueo5J+h/TtHHKK4cvTs/LXbNq3Y8+xgX06NmB7SnJvWGjQIw9MvvOemaknMiLCQ2Thv75YMGfuglWL/+0IPHfeOzMkOGDWCw/NePSVLdv3HjqS9H9f/ygZ+OYbJsinpSVl0mDzb7vCwoIeuOfW8WOHKlworDbb90s2p6TldO8UO7RfFwUAAAAAjdT0W6ALikpl2qtb66jwwDpfvbq2lgYNfFzTarXO/37ZhHHDBvXv7e/n8+33Syu/pbD4eEpaVbP09KysrFyZuf7qsTKdMG7om7MeGzG0r+PT/81f3KdXt7+//ayvj/dDT7xaWlqmcKFYumpHUmqWpN8RA7spAAAAAGi8pgfgGg9hbt5x6JP//iIvmXEscdyj2sBnNdes35qWnnXl5SN1Ou1lY4fOW7C0/hV7X2SvAUZFhvXp3S08LNixcGD/i6ZNuX7ooD6Tb7naYrHGH05QuLBoNGeh2zYAAAAAzuksDIMkEo5nrt9y0N3NVQKvzIQG+cVGBTdqC/MWLJHp48+8KdO8/MLUExkbf9vZ/5KeNZpZrNZ6NhIbE+mYCQzwk6mxontqXBhGDe1RVFK2Y+8xrcZlcN/OCgAAAAAa6ezU0xwdPl82ste44b1kJrOR/T9L4v1lxYZRIwZMGDdcXpNunBjg7+uIxDqtVtlvhLZ3tSU14RNpmfVsR68/O3ke5yGtRnPF6EtCAn237j66ZSfdfQMAnJWrXgV4KwBAk5ydxOgY+/en5dusFRXaqjGBG+j7H5cbTaYnH72r1ckSbnpG1tff/vzCM/e3b9dK3n702dfXXDHm2++XFBRUdjptMLhLSF63cfv4sUP1en1IcIDChU6v1141ru/XC9dt33vs4h5tFQAATqVVmHrmJtU2Uq4Kq1KjWrNbzfqvMripn2fZPx3zlCotr2z5y+vKVadumqVSstRto9SUcfaFNpsqLFUnstWybep/qytbrnpLaVyUxaoun6kqunexG9VLzZxkn1m7Rz39uX3mnbtV73bq1S9VYob68IE69m3mv9TqXQoAzntnpwIcFx3atUOMVquRGqzMyNtGrf7N/CU9unWsSr/iystHlpWVL1q8aujgPhPGDftkzrzRE6fEH068YsLIqjbTptywfuP2IaNv+eqbRQrOweDuesPEgddNGKAAAHAqElPfu0d1iFYrd6hv16h9ifaF1gb1tGJ3PEst/k3FH1dtItR9V6hrBv3hU0nU/Tv9/nZYj1NuJ69ILd1qfx05YX8rAdvxNj1XAUBL0PQKsGNcIpvN5mKnLh3cvUYDRy9WDRmv9cdvZ9dY0r1rhyN7KjuCfu+Np197+RGj0eTj84fC8p23X3vLTROLikscT/zu2LCg6qO+fbpXrY4LjGRgeSkAAJyKlH/9vVROoXrpC9UEu4+pV7+yzzx7sxrd215GrpKYrsIC1OBu9sqwMLiqvh3V/iTVKaaO7aRmq7/+n33mjrGqTbjafkS9/rUCgJaj6QHY28sg07Wb98fF1F3vPZJoH77Ip6LZGXJ3d5NX7eVubq5ubmQhAABwoTuRo0wW+9O/j12vPl6k8osbtbby8VDtI1V0iOpuH6VS7Tz6+0cajdp2yB569Vr7VwzoYn/MePPBugMwALRwTQ/AXdpH7z2YtHX3UXmdqo27m75z+2gFAACAM1Fart5foB66Rl3eT428SM1Zor5Z3YhboAd2sb8cfthovx26ipterdur+ndWvdurjfvt9z8XlKi9CQoALkRND8ABfl7TbxmTlVNQVl73aEOSfoMCfBQAAADO3Pfr1ZFUdc9E1bWVunei/b7l9+Y3dN1jafZw6+elhnSzR+jE9N/7wdJq1IZ99pnB3dSOI6pfJ7VieyOiNQC0KGfaCzQRFwAAoJnsSVD3vG9PsI9dr67or2YvVCazvXtnFxcVEVDZMZXB1d4FtCgr/33FA8lq9g/2mZ1H1JM3qnF9fg/AIjNfxafYb37eGm8vCK/erQDgAnV2eoEGAADAORQVpCKDKueXbFFmi/3ZXVe9MppVWkUPzENOdkc6sKt9mp6rsgvr2E7rcPtU1qphw14V6K3uvMx+r/WWgwoALlBnZxxgAGiJbEpZzBaLVTj7zX4ajYtWo9HptArA+alTjL0D52NpKjnT3iO0/LVKNdgxcu/Xq9SDV6vJY9SlvVROgercyr5w/to/rN6/k/rnDBURaO9GS6zcUXP76/aq20bbY/aKHXXEYwC4UBCAATgpyb0mo5mn3BzkEoDVajGbLXpXnSRhBeB8czxLJWXa67fyKilXa/eov31V+ZFkXfmzvXmkig62R9yEdLVok5r36x9W9/Oyv6S6uzfR3gPW9+trbv9Asr1iLEXgX3cpALhwuThG6wWcU3JabsU41nLmoHGMaF0xdLV98Gr7Py6OmcqxrBsyqHU9SstMkSHeCucHKfsaTZQ46uaq12m1ZGC0MCkZhQZ3vTo3zuYBfMjD6kx4uCmDm8ouqPtTL3dltqoyo2pZfn1bAXBi5/QAXhsVYABORy78mcwWx3xOofp6tXbTQU1e8Rld4GjR/Dxtl3Sw3jjU4rg10mQ2azT6M7ziA+CckNpvSfkpPy0qUwCAehGAATgdKf86bn6R9PvYp/rsQmdPehL+l27TbjmkefNOk2Rg+d3Ir4jngQEAwIWHm9wAOB2L1eqY+Wq1lvRbJafQZe6KytBb9SsCAAC4kBCAATidqr4PNh/kGPgH2w9X/kJsTt8tNgAAuCBx8gfAudjsAbhy3pmf+61T1S/EVvECAAC4wPAMMAAAAADAKRCAAQAAAABOgQAMAAAAAHAKBGAAAAAAgFMgAAMAAAAAnAK9QAMAADQXfy+F6viFAGheBGAAAIDm0r+zQnX9OikAaEYEYAAAgOZy5zjlbVBwkF/FXZcpAGhGBGAAAIDmEuSr/v24Gt9XBXgrZyY//rg+9l+F/EIAoBnRCRYANJ3GRfl7q7wiZbGevrGc7xWXqXKTAuDUJPI9cYMCAPwZCMAA0BQebuqRa1Wf9spNr6xWtTtBvf2tSstVr01RPduoN+epZdsqWw7orEb3Vp2ilV9FVy/JmerdBWpPgn3+51fsEVry8+S3VEm5fYlep358SaXnqlvfqPmNjsa3vq7S81TXVuqtqfaFWw6pZ+ZUNri4nXplslq6Vb31rQIAAEBtBGAAaIqHr1GDuthz76HjKtRfRQaprII6ml03WE0Zq6w2e+JduVN5GVS7SJWQ9oc2EoxvGak++kk1gYTefp3Uxv0KAAAAp0UABoCm6NnaPn1vgb2ieyqxofb+bmw2e0F4xY6625zIUT4eamJ/9dNv9W2qTodSVbsINW282hqvTBYFAACA+tEJFgA0xfEs+/Shq1VsyCnbdIq2Tw8knzL9CqNJfblS6bRq+gTVWPuT1OaDKiJAXT1IAQAA4LQIwADQFLN/VEVlqkus+vAB9cCVysu9jjYdKgJwfIp9OqSbevOuytfYi39v4+6qvltvf3j44naqb0elbKrh3PXq45/s/W/dNNzew1ZjVgUAAHBGBGAAaIqDx9X099Ty7fb5yy5Rr06x919Vg7Giw2eNi30a5Ku6xVW+Qv1/byNrmSzqs8X2+enjlXJRDSfrJmfa7502uNqfNDaZFQAAAOpBAAaAJsrMV69/ox6cbR/cqH2kvRpcw9ET9mmrUPv0hw3q6pfUDxvr3tSvu9W+JBURqK4eqIyNzLFzf7H3ID2yp2oToQAAAFAPAjAANJq76+9xV0rBxyp6dZYybA2Om5+l5Duoi73MKzm5nnD70SL79KbhyqUxRWCRX6y+WmVf6y/DFQAAAOpBL9AA0Gie7urtaSojz17j9TTYR+UtN6mdR2s2k2D8xXI1aaSaebM6mqZSslTH6FNu80CyWr1LDe2ummD+OjW+rwr1UwAAAKgHFWAAaLTScvu4voE+9jF4O0XbK70Pfmi/D7m2ucvVv5baG8SGqMFdVZCPSkivvDW6ts+WNPE5Xlnr88UKAAAA9XOx2eg3FM4rOS3XxcV+w6lGo3FxzNkn9jtQ7f+4OGYqb0h1aeydqX9UWmaKDPFW+LPJIa+szOiYv/IlV3UG9Drl66Fyi+z9MJ+Wm14Z3FRBibI2oPGf6LvnKn857u6uZ/RfPNC8UjIKDe56dW5wAAeAc+ecHsBr4xZoAGgiqbtmFTS0cbnJ/gIAAMCfiFugAQAA6qPRuJjMFgUAONvk6KrRNOs9ZwRgAACA+ui0mtIyBtoGgLOvtNwsx1jVjLgFGgAAoD5SnZBTNOWiDG46vU6rAABnTGq/cmiVy4s6HQEYAADgvOHi4iLnZ+VGc3GpyWql91AAOAvk2qLUfuXoeoYdzTYWARgAAOA05PxMa6cAAC0aARgAAAAA4BQIwAAAAAAAp0AABgAAAAA4BQIwAAAAAMApMA4wAOdSvZ9BP096c/2D6r+QZu2QEQAAoFkQgAE4HY2mMtz1bmdVqKZX28pfSNWvCAAA4EJCAAbgdDQnh5u7ebjF050icCX5VUwaYXHMa1wIwAAA4AJEAAbgdHS6yqE8A7zV3+82XdrT4uT3QsuPP6KHRX4V8gtxqPoVAQAAXEjoBAuA03FxcXHV64wms6rIwPdNlLKnReEk+eW4UAEGAAAXIirAAJyRVqtxddUR8mqQX4j8WuSXowAAAC5EVIABOCmtRqN1dzWbLRarcPYngTUaF/svRKflogAAALiAEYABODWdTqtTPO8KAADgFAjAAAAAAACnQAAGAAAAADgFAjAAAAAAwCkQgAEAAAAAToEADAAAAABwCgRgAAAAAIBTIAADAAAAAJwCARgAAAAA4BQIwAAAAAAAp0BdBwr9AAAKRklEQVQABgAAAAA4BQIwAAAAAMApEIABAAAAAE6BAAwAAAAAcAoEYAAAAACAUyAAAwAAAACcAgEYAAAAAOAUCMAAAAAAAKdAAAYAADgNm81mtdrMFqtMFQDgjGk0LjqtRqZCNSMCMAAAQH0k/ZrMFg83vZ+3m16nVQCAMybH1dIyc0m5SY6rzZmBCcAAAAD1kaqvpF8fLzcFADhLJPfqvbTKRZUbLVpt8wVgjQIAAMCpmS1Wgzs1AwA4+wxuOjnGqmbE0RwAAKA+UgHmzmcAOBfk6NrMfSsQgAEAAAAAToEADAAAAABwCgRgAAAAAIBToBMsoJloNC4ms0UBAM42ObrKMVYBAHA6BGCgmei0mtIyswIAnG2l5WY5xioAAE6HW6CBZiLVCTlFUy723t7pTRQAzgqp/cqhVS4v6nQEYADA6RGAgWbi4uIi52flRnNxqamZe3sHgAuVXFuU2q8cXeUYqwAAOB0CMNB85PxMa6cAAAAAND8CMAAAAADAKRCAAQAAAABOgQAMAAAAAHAKBGAAAAAAgFMgAAMAAAAAnAIBGAAAAADgFAjAAAAAAACnQAAGAAAAADgFAjAAAAAAwCkQgAEAAAAAToEADAAAcL74ZeWGvPzCa68crRrParX+b/7iyPDQwQN719/SZrOtWb/1yJEkbx+vS4f39/P1VgDgHAjAAAAAzWfulwtX/bpZZlw0LpI8oyLCxo0Z0qFdK8enH3329f6DR5sWgC1W6zMvvDtiWL/TBuCnnn/nm/mLXV31FoulX59/EYABOA+NAgAAQHOJP3Rs1ZrNbu6uQYH+paXl3y9aPv7qafMWLFHNJTevQL6uT+9uW9bO2715YVRkmAIAp0EFGAAAoLk9fP/tbVvHyMzBQwmXXTX156Vrrr1qTO1mS5at/WbB4m079ndoHzdx/PCbrhtf9ZGs+M+P/7t5yy6j0dS1S/v33nja09NQfd0duw489dzbF/fq8vJzD1Qt3Lv/8Gtvf2qz2Q4dTrjmphk3XDNu8q1X5xcUvvuP/6zbuK2kpGxg/173T7/ZkYrNZsuEa6Y/dN9tMi9rmczmNcu+mDN3wdLl616aef+zL763/8CRdm1jn3psWkxU+NPPv7195/5+l/ScdNPl/S/pqQDgvEQABgAA+HNIdl22fJ3M9L6oS+1P16zbet8jf9VoXEYO63fg4DEJnC4uLjdee5l8lJKafvvUJ/PyCwf2u0in0x1NSPb18TJbLFXrpp7ImHr/cwZ394fuv736Nk+kZXoY3GVG6s/du3YIDw+WlHvvgy9v2LwjrlVUp45tFv64YsfO/fP+7z1vb0+bsh06kvjfbxZt2LQ9LDS4W9f2smJ2Tp6k7tunPhUTHTF44MWLl62Zdt9zfn4+5eXGHt06ytuVv276delc2b4CgPMPARgAAKC5TbvveVdXfWJyqmTgW26aeOfka2u3efHVD/R63ZLvP42OCpNm466a+uIrH1xz5Wi9TvfR5//LyMz54J2ZY0cNVhWdWkk2dqwl/xSXlN5578zyMuP/ff5GgL9v9W1eOrx/bEzEshXrBw/s/ewTd8uSH35aKen35hsvf/6pe7VazbwFS56Y+dacLxbMuHuSY5W167c+/djUKbf9YQ/79O727utPycxDj7+68KeVHTu0nvPRLFe9XlL6l98s2rX74Ihh/RQAnH94BhgAAKC5eft4StU0MiJUCrzrNm6PP5RQo0FJaVlCYkrXzu0k/cpbScsTxg0zmkyHDifK2/0HjkiF1pF+RVX6rWjp+tgzb0iz9996pl2b2NPuyb4DR2Q6ZuRASb8yc8XlI2Vre/cdqmoQFRlWI/2KsaMGOWY6d2or04H9ekn6lZmePTqpiiqxAoDzEhVgAACA5vbmrMcdzwDv2Xfo2r888NjTb/z83cfVGxw9lix13c4d21QtCQsNUvY+tBJkoUyjo8Lr3PLGzTty8wqkShwaHKga4PDRJHUyxwpZMSjQP/5wQlWDuFaRtdcKOblxSeYybX+yF2tPD/v91bLnCgDOS1SAAQAA/jRS420VG3noSKLRaKq+3N/PR6aFRcVVS/LyCmTqWzFkkWTU3Lz8OjdYUFj00H23uWhcHn7ybzW2WSd/34ovKqz8Ismu+fmFvtUGRtJptbXX0lfUe6to62oDAOchAjAAAMCfJiMzR2qwUt11lFKrhIcFe3l6bN+x32iqDLEbf9slU0fdWCquaelZUiWuvcEhAy++b/rNjz14x8FDCW+9P0edjqN4u+m3nY6323fav7Eh904DQEvELdAAAADN7YsvFwYE+B1LOL5qzWYpuo4fO7RGA41GM23KDZJgH3h0lny6ecuuteu3jhs9xPFI8JUTRi5dvu7uB168/ZartBrN8lUb//72s44ngV009vLG7ZOuWrp8/Wf//nbE0H59+3SvZ09uuGbch59+9drbn0q12dPD4+PP/yfbufO2axUAXIgIwAAAAM1t7pcLZephcJcC7GVjhkypK3Dedcd15UbjnP/Ml6wr9eGrJl763JP3OD4aM2rQy8898NFnXz/74nvytk3raI2LxqZ+f/JW8vMbrzx22VVTH3369Z8WfOzt5XGqPfH29vzPp689/fzbr7z+kbyVgP3x31/s0D5OAcCFyIVeCuDMktNyXSoumMuJgotjzj6puILuUtmp5u8DS1TrYxMA4DxKy0yRId7qTyKnaplZuYEBfo5emmvIyc2X/wvz8z0Lu1dcUmo2m319/rSfFIBzSskoNLjrVXOhAgwAAHD+ksuvIcEBp/q0xjC/Z8LTw6AA4EJHAAYAAAAAOAUCMAAAAADAKRCAAQAAAABOgQAMAAAAAHAKBGAAAAAAgFMgAAPNx2azWa02s8UqUwUAOGMajYtOWzmSnQIA4HQIwEAzkfRrMls83PR+3m56nVYBAM6YHFdLy8wl5SY5rpKBAQCnRQAGmolUfSX9+ni5KQDAWSK5V++lVS6q3GjRagnAAIDT0CgAzcJssRrcueQEAGefwU0nx1gFAMDpcDoONBOpAHPnMwCcC3J0pW8FAEBDEIABAAAAAE6BAAwAAAAAcAoEYAAAAACAUyAAAwAAAACcAgEYAAAAAOAUCMAAAAAAAKdAAAYAAAAAOAUCMAAAAADAKRCAAQAAAABOgQAMAAAAAHAKBGAAAIDTyCkoUwCAlo8ADAAAcBoBPu4KAHAOpJSZVDMiAAMAAAAAnAIBGAAAAADgFAjAAAAAAACnQAAGAAAAADgFAjAAAAAAwCkQgAEAAAAATkGjAOAcKCouycrOPdWnu/Yc/GreTzm5+aq5NPAbf1m5Yd53S1UjNW0tAAAANDMqwECLNPfLhat+3Vx9yfVXjx0zapA6b0y5+9mD8Ue3rpuv1dZxoW3p8vWzP/myS6d2Af6+qllUfmPHtvV/40effX3g4NFrrxytGkPW2t/4tQAAANDMqAADLVL8oWOr1mx2c3cNCvJ3vAwe7up8MunGy++ddrMj/ZaWlo2ZeOePP69S51LzfAsAAABarv8HAAD//4480QMAAAAGSURBVAMAO+JW0FEcOAYAAAAASUVORK5CYII=
]]>
</system-out>
</testcase>
</testsuite>
</testsuites>